[Fri Mar  9 12:34:52 2018] Booting Linux on physical CPU 0x0000000000 [0x410fd034]
[Fri Mar  9 12:34:52 2018] Linux version 5.15.325.15.32-yocto-standard-g20dd6c7061bb (oe-user@oe-host) (aarch64-poky-linux-gcc (GCC) 11.5.0, GNU ld (GNU Binutils) 2.38.20220708) #1 SMP PREEMPT Wed Dec 10 18:13:28 UTC 2025
[Fri Mar  9 12:34:52 2018] Machine model: Hailo - Hailo15
[Fri Mar  9 12:34:52 2018] earlycon: uart0 at MMIO 0x0000000000109000 (options '')
[Fri Mar  9 12:34:52 2018] printk: bootconsole [uart0] enabled
[Fri Mar  9 12:34:52 2018] Reserved memory: created CMA memory pool at 0x0000000088000000, size 896 MiB
[Fri Mar  9 12:34:52 2018] OF: reserved mem: initialized node hailo_media_buf,cma, compatible id shared-dma-pool
[Fri Mar  9 12:34:52 2018] software IO TLB: Reserved memory: created restricted DMA pool at 0x00000000c8000000, size 64 MiB
[Fri Mar  9 12:34:52 2018] OF: reserved mem: initialized node buffer@0, compatible id restricted-dma-pool
[Fri Mar  9 12:34:52 2018] Reserved memory: created CMA memory pool at 0x00000000cc000000, size 512 MiB
[Fri Mar  9 12:34:52 2018] OF: reserved mem: initialized node linux,cma, compatible id shared-dma-pool
[Fri Mar  9 12:34:52 2018] Zone ranges:
[Fri Mar  9 12:34:52 2018]   DMA      [mem 0x0000000080000000-0x00000000ffffffff]
[Fri Mar  9 12:34:52 2018]   DMA32    empty
[Fri Mar  9 12:34:52 2018]   Normal   [mem 0x0000000100000000-0x000000017fffffff]
[Fri Mar  9 12:34:52 2018] Movable zone start for each node
[Fri Mar  9 12:34:52 2018] Early memory node ranges
[Fri Mar  9 12:34:52 2018]   node   0: [mem 0x0000000080000000-0x00000000801fffff]
[Fri Mar  9 12:34:52 2018]   node   0: [mem 0x0000000080200000-0x00000000802effff]
[Fri Mar  9 12:34:52 2018]   node   0: [mem 0x00000000802f0000-0x00000000804fffff]
[Fri Mar  9 12:34:52 2018]   node   0: [mem 0x0000000080500000-0x00000000806fffff]
[Fri Mar  9 12:34:52 2018]   node   0: [mem 0x0000000080700000-0x000000017fffffff]
[Fri Mar  9 12:34:52 2018] Initmem setup node 0 [mem 0x0000000080000000-0x000000017fffffff]
[Fri Mar  9 12:34:52 2018] psci: probing for conduit method from DT.
[Fri Mar  9 12:34:52 2018] psci: PSCIv1.1 detected in firmware.
[Fri Mar  9 12:34:52 2018] psci: Using standard PSCI v0.2 function IDs
[Fri Mar  9 12:34:52 2018] psci: MIGRATE_INFO_TYPE not supported.
[Fri Mar  9 12:34:52 2018] psci: SMC Calling Convention v1.4
[Fri Mar  9 12:34:52 2018] percpu: Embedded 26 pages/cpu s67992 r8192 d30312 u106496
[Fri Mar  9 12:34:52 2018] pcpu-alloc: s67992 r8192 d30312 u106496 alloc=26*4096
[Fri Mar  9 12:34:52 2018] pcpu-alloc: [0] 0 [0] 1 [0] 2 [0] 3 
[Fri Mar  9 12:34:52 2018] Detected VIPT I-cache on CPU0
[Fri Mar  9 12:34:52 2018] CPU features: detected: GIC system register CPU interface
[Fri Mar  9 12:34:52 2018] CPU features: detected: ARM erratum 845719
[Fri Mar  9 12:34:52 2018] Built 1 zonelists, mobility grouping on.  Total pages: 1032192
[Fri Mar  9 12:34:52 2018] Kernel command line: rw console=ttyS1,115200n8 earlycon loglevel=8 rootwait debug root=/dev/mmcblk1p2
[Fri Mar  9 12:34:52 2018] Dentry cache hash table entries: 524288 (order: 10, 4194304 bytes, linear)
[Fri Mar  9 12:34:52 2018] Inode-cache hash table entries: 262144 (order: 9, 2097152 bytes, linear)
[Fri Mar  9 12:34:52 2018] mem auto-init: stack:off, heap alloc:off, heap free:off
[Fri Mar  9 12:34:52 2018] software IO TLB: mapped [mem 0x00000000fbfff000-0x00000000fffff000] (64MB)
[Fri Mar  9 12:34:52 2018] Memory: 2509260K/4194304K available (11968K kernel code, 1786K rwdata, 4516K rodata, 2496K init, 699K bss, 243252K reserved, 1441792K cma-reserved)
[Fri Mar  9 12:34:52 2018] SLUB: HWalign=64, Order=0-3, MinObjects=0, CPUs=4, Nodes=1
[Fri Mar  9 12:34:52 2018] trace event string verifier disabled
[Fri Mar  9 12:34:52 2018] rcu: Preemptible hierarchical RCU implementation.
[Fri Mar  9 12:34:52 2018] rcu: 	RCU event tracing is enabled.
[Fri Mar  9 12:34:52 2018] rcu: 	RCU restricting CPUs from NR_CPUS=256 to nr_cpu_ids=4.
[Fri Mar  9 12:34:52 2018] 	Trampoline variant of Tasks RCU enabled.
[Fri Mar  9 12:34:52 2018] rcu: RCU calculated value of scheduler-enlistment delay is 25 jiffies.
[Fri Mar  9 12:34:52 2018] rcu: Adjusting geometry for rcu_fanout_leaf=16, nr_cpu_ids=4
[Fri Mar  9 12:34:52 2018] NR_IRQS: 64, nr_irqs: 64, preallocated irqs: 0
[Fri Mar  9 12:34:52 2018] GICv3: 160 SPIs implemented
[Fri Mar  9 12:34:52 2018] GICv3: 0 Extended SPIs implemented
[Fri Mar  9 12:34:52 2018] GICv3: Distributor has no Range Selector support
[Fri Mar  9 12:34:52 2018] Root IRQ handler: gic_handle_irq
[Fri Mar  9 12:34:52 2018] GICv3: 16 PPIs implemented
[Fri Mar  9 12:34:52 2018] GICv3: CPU0: found redistributor 0 region 0:0x0000000060680000
[Fri Mar  9 12:34:52 2018] ITS [mem 0x60620000-0x6062ffff]
[Fri Mar  9 12:34:52 2018] ITS@0x0000000060620000: allocated 8192 Devices @1000c0000 (flat, esz 8, psz 64K, shr 0)
[Fri Mar  9 12:34:52 2018] ITS: using cache flushing for cmd queue
[Fri Mar  9 12:34:52 2018] GICv3: using LPI property table @0x00000001000d0000
[Fri Mar  9 12:34:52 2018] GIC: using cache flushing for LPI property table
[Fri Mar  9 12:34:52 2018] GICv3: CPU0: using allocated LPI pending table @0x00000001000e0000
[Fri Mar  9 12:34:52 2018] kfence: initialized - using 2097152 bytes for 255 objects at 0x(____ptrval____)-0x(____ptrval____)
[Fri Mar  9 12:34:52 2018] random: get_random_bytes called from start_kernel+0x4e0/0x6c4 with crng_init=0
[Fri Mar  9 12:34:52 2018] arch_timer: cp15 timer(s) running at 25.00MHz (virt).
[Fri Mar  9 12:34:52 2018] clocksource: arch_sys_counter: mask: 0xffffffffffffff max_cycles: 0x5c40939b5, max_idle_ns: 440795202646 ns
[Fri Mar  9 12:34:52 2018] sched_clock: 56 bits at 25MHz, resolution 40ns, wraps every 4398046511100ns
[Fri Mar  9 12:34:52 2018] Console: colour dummy device 80x25
[Fri Mar  9 12:34:52 2018] Calibrating delay loop (skipped), value calculated using timer frequency.. 50.00 BogoMIPS (lpj=100000)
[Fri Mar  9 12:34:52 2018] pid_max: default: 32768 minimum: 301
[Fri Mar  9 12:34:52 2018] LSM: Security Framework initializing
[Fri Mar  9 12:34:52 2018] Mount-cache hash table entries: 8192 (order: 4, 65536 bytes, linear)
[Fri Mar  9 12:34:52 2018] Mountpoint-cache hash table entries: 8192 (order: 4, 65536 bytes, linear)
[Fri Mar  9 12:34:52 2018] rcu: Hierarchical SRCU implementation.
[Fri Mar  9 12:34:52 2018] Platform MSI: msi-controller@60620000 domain created
[Fri Mar  9 12:34:52 2018] PCI/MSI: /interrupt-controller@60600000/msi-controller@60620000 domain created
[Fri Mar  9 12:34:52 2018] smp: Bringing up secondary CPUs ...
[Fri Mar  9 12:34:52 2018] Detected VIPT I-cache on CPU1
[Fri Mar  9 12:34:52 2018] GICv3: CPU1: found redistributor 1 region 0:0x00000000606a0000
[Fri Mar  9 12:34:52 2018] GICv3: CPU1: using allocated LPI pending table @0x00000001000f0000
[Fri Mar  9 12:34:52 2018] CPU1: Booted secondary processor 0x0000000001 [0x410fd034]
[Fri Mar  9 12:34:52 2018] Detected VIPT I-cache on CPU2
[Fri Mar  9 12:34:52 2018] GICv3: CPU2: found redistributor 2 region 0:0x00000000606c0000
[Fri Mar  9 12:34:52 2018] GICv3: CPU2: using allocated LPI pending table @0x0000000100100000
[Fri Mar  9 12:34:52 2018] CPU2: Booted secondary processor 0x0000000002 [0x410fd034]
[Fri Mar  9 12:34:52 2018] Detected VIPT I-cache on CPU3
[Fri Mar  9 12:34:52 2018] GICv3: CPU3: found redistributor 3 region 0:0x00000000606e0000
[Fri Mar  9 12:34:52 2018] GICv3: CPU3: using allocated LPI pending table @0x0000000100110000
[Fri Mar  9 12:34:52 2018] CPU3: Booted secondary processor 0x0000000003 [0x410fd034]
[Fri Mar  9 12:34:52 2018] smp: Brought up 1 node, 4 CPUs
[Fri Mar  9 12:34:52 2018] SMP: Total of 4 processors activated.
[Fri Mar  9 12:34:52 2018] CPU features: detected: 32-bit EL0 Support
[Fri Mar  9 12:34:52 2018] CPU features: detected: CRC32 instructions
[Fri Mar  9 12:34:52 2018] CPU: All CPU(s) started at EL1
[Fri Mar  9 12:34:52 2018] alternatives: patching kernel code
[Fri Mar  9 12:34:52 2018] devtmpfs: initialized
[Fri Mar  9 12:34:52 2018] KASLR disabled due to lack of seed
[Fri Mar  9 12:34:52 2018] clocksource: jiffies: mask: 0xffffffff max_cycles: 0xffffffff, max_idle_ns: 7645041785100000 ns
[Fri Mar  9 12:34:52 2018] futex hash table entries: 1024 (order: 4, 65536 bytes, linear)
[Fri Mar  9 12:34:52 2018] pinctrl core: initialized pinctrl subsystem
[Fri Mar  9 12:34:52 2018] NET: Registered PF_NETLINK/PF_ROUTE protocol family
[Fri Mar  9 12:34:52 2018] DMA: preallocated 512 KiB GFP_KERNEL pool for atomic allocations
[Fri Mar  9 12:34:52 2018] DMA: preallocated 512 KiB GFP_KERNEL|GFP_DMA pool for atomic allocations
[Fri Mar  9 12:34:52 2018] DMA: preallocated 512 KiB GFP_KERNEL|GFP_DMA32 pool for atomic allocations
[Fri Mar  9 12:34:52 2018] audit: initializing netlink subsys (disabled)
[Fri Mar  9 12:34:52 2018] audit: type=2000 audit(0.224:1): state=initialized audit_enabled=0 res=1
[Fri Mar  9 12:34:52 2018] thermal_sys: Registered thermal governor 'step_wise'
[Fri Mar  9 12:34:52 2018] thermal_sys: Registered thermal governor 'power_allocator'
[Fri Mar  9 12:34:52 2018] cpuidle: using governor menu
[Fri Mar  9 12:34:52 2018] hw-breakpoint: found 6 breakpoint and 4 watchpoint registers.
[Fri Mar  9 12:34:52 2018] ASID allocator initialised with 65536 entries
[Fri Mar  9 12:34:52 2018] printk: console [ramoops-1] enabled
[Fri Mar  9 12:34:52 2018] pstore: Registered ramoops as persistent store backend
[Fri Mar  9 12:34:52 2018] ramoops: using 0xf0000@0x80200000, ecc: 0
[Fri Mar  9 12:34:52 2018] hailo15-pinctrl 7c291000.pinctrl: pinctrl-hailo15 registered 
[Fri Mar  9 12:34:52 2018] HugeTLB registered 1.00 GiB page size, pre-allocated 0 pages
[Fri Mar  9 12:34:52 2018] HugeTLB registered 32.0 MiB page size, pre-allocated 0 pages
[Fri Mar  9 12:34:52 2018] HugeTLB registered 2.00 MiB page size, pre-allocated 0 pages
[Fri Mar  9 12:34:52 2018] HugeTLB registered 64.0 KiB page size, pre-allocated 0 pages
[Fri Mar  9 12:34:52 2018] cryptd: max_cpu_qlen set to 1000
[Fri Mar  9 12:34:52 2018] iommu: Default domain type: Translated 
[Fri Mar  9 12:34:52 2018] iommu: DMA domain TLB invalidation policy: strict mode 
[Fri Mar  9 12:34:52 2018] vgaarb: loaded
[Fri Mar  9 12:34:52 2018] SCSI subsystem initialized
[Fri Mar  9 12:34:52 2018] usbcore: registered new interface driver usbfs
[Fri Mar  9 12:34:52 2018] usbcore: registered new interface driver hub
[Fri Mar  9 12:34:52 2018] usbcore: registered new device driver usb
[Fri Mar  9 12:34:52 2018] mc: Linux media interface: v0.10
[Fri Mar  9 12:34:52 2018] videodev: Linux video capture interface: v2.00
[Fri Mar  9 12:34:52 2018] pps_core: LinuxPPS API ver. 1 registered
[Fri Mar  9 12:34:52 2018] pps_core: Software ver. 5.3.6 - Copyright 2005-2007 Rodolfo Giometti <giometti@linux.it>
[Fri Mar  9 12:34:52 2018] PTP clock support registered
[Fri Mar  9 12:34:52 2018] EDAC MC: Ver: 3.0.0
[Fri Mar  9 12:34:52 2018] Advanced Linux Sound Architecture Driver Initialized.
[Fri Mar  9 12:34:52 2018] clocksource: Switched to clocksource arch_sys_counter
[Fri Mar  9 12:34:52 2018] VFS: Disk quotas dquot_6.6.0
[Fri Mar  9 12:34:52 2018] VFS: Dquot-cache hash table entries: 512 (order 0, 4096 bytes)
[Fri Mar  9 12:34:52 2018] NET: Registered PF_INET protocol family
[Fri Mar  9 12:34:52 2018] IP idents hash table entries: 65536 (order: 7, 524288 bytes, linear)
[Fri Mar  9 12:34:52 2018] tcp_listen_portaddr_hash hash table entries: 2048 (order: 3, 32768 bytes, linear)
[Fri Mar  9 12:34:52 2018] TCP established hash table entries: 32768 (order: 6, 262144 bytes, linear)
[Fri Mar  9 12:34:52 2018] TCP bind hash table entries: 32768 (order: 7, 524288 bytes, linear)
[Fri Mar  9 12:34:52 2018] TCP: Hash tables configured (established 32768 bind 32768)
[Fri Mar  9 12:34:52 2018] UDP hash table entries: 2048 (order: 4, 65536 bytes, linear)
[Fri Mar  9 12:34:52 2018] UDP-Lite hash table entries: 2048 (order: 4, 65536 bytes, linear)
[Fri Mar  9 12:34:52 2018] NET: Registered PF_UNIX/PF_LOCAL protocol family
[Fri Mar  9 12:34:52 2018] RPC: Registered named UNIX socket transport module.
[Fri Mar  9 12:34:52 2018] RPC: Registered udp transport module.
[Fri Mar  9 12:34:52 2018] RPC: Registered tcp transport module.
[Fri Mar  9 12:34:52 2018] RPC: Registered tcp NFSv4.1 backchannel transport module.
[Fri Mar  9 12:34:52 2018] PCI: CLS 0 bytes, default 64
[Fri Mar  9 12:34:52 2018] hw perfevents: enabled with armv8_cortex_a53 PMU driver, 7 counters available
[Fri Mar  9 12:34:52 2018] Initialise system trusted keyrings
[Fri Mar  9 12:34:52 2018] workingset: timestamp_bits=46 max_order=20 bucket_order=0
[Fri Mar  9 12:34:52 2018] squashfs: version 4.0 (2009/01/31) Phillip Lougher
[Fri Mar  9 12:34:52 2018] NFS: Registering the id_resolver key type
[Fri Mar  9 12:34:52 2018] Key type id_resolver registered
[Fri Mar  9 12:34:52 2018] Key type id_legacy registered
[Fri Mar  9 12:34:52 2018] nfs4filelayout_init: NFSv4 File Layout Driver Registering...
[Fri Mar  9 12:34:52 2018] nfs4flexfilelayout_init: NFSv4 Flexfile Layout Driver Registering...
[Fri Mar  9 12:34:52 2018] Key type asymmetric registered
[Fri Mar  9 12:34:52 2018] Asymmetric key parser 'x509' registered
[Fri Mar  9 12:34:52 2018] io scheduler mq-deadline registered
[Fri Mar  9 12:34:52 2018] io scheduler kyber registered
[Fri Mar  9 12:34:52 2018] cmsdk-gpio 78200000.gpio: CMSDK GPIO chip registered
[Fri Mar  9 12:34:52 2018] gpio-481 (WiFi_BT_disable_n): hogged as output/low
[Fri Mar  9 12:34:52 2018] gpio-493 (DSI_INTR): hogged as output/low
[Fri Mar  9 12:34:52 2018] cmsdk-gpio 78201000.gpio: CMSDK GPIO chip registered
[Fri Mar  9 12:34:52 2018] hailo15-gp-dma 7c05e000.gp_vdma: dma probe channel id 0 (Hailo GP dma),
[Fri Mar  9 12:34:52 2018] hailo15-gp-dma 7c05e000.gp_vdma: dma probe channel id 1 (Hailo GP dma),
[Fri Mar  9 12:34:52 2018] hailo15-gp-dma 7c05e000.gp_vdma: dma probe channel id 2 (Hailo GP dma),
[Fri Mar  9 12:34:52 2018] hailo15-gp-dma 7c05e000.gp_vdma: dma probe channel id 3 (Hailo GP dma),
[Fri Mar  9 12:34:52 2018] hailo15-gp-dma 7c05e000.gp_vdma: dma probe channel id 4 (Hailo GP dma),
[Fri Mar  9 12:34:52 2018] hailo15-gp-dma 7c05e000.gp_vdma: dma probe channel id 5 (Hailo GP dma),
[Fri Mar  9 12:34:52 2018] hailo15-gp-dma 7c05e000.gp_vdma: dma probe channel id 6 (Hailo GP dma),
[Fri Mar  9 12:34:52 2018] hailo15-gp-dma 7c05e000.gp_vdma: dma probe channel id 7 (Hailo GP dma),
[Fri Mar  9 12:34:52 2018] hailo15-gp-dma 7c05e000.gp_vdma: dma probe channel id 8 (Hailo GP dma),
[Fri Mar  9 12:34:52 2018] hailo15-gp-dma 7c05e000.gp_vdma: dma probe channel id 9 (Hailo GP dma),
[Fri Mar  9 12:34:52 2018] hailo15-gp-dma 7c05e000.gp_vdma: dma probe channel id 10 (Hailo GP dma),
[Fri Mar  9 12:34:52 2018] hailo15-gp-dma 7c05e000.gp_vdma: dma probe channel id 11 (Hailo GP dma),
[Fri Mar  9 12:34:52 2018] hailo15-gp-dma 7c05e000.gp_vdma: dma probe channel id 12 (Hailo GP dma),
[Fri Mar  9 12:34:52 2018] hailo15-gp-dma 7c05e000.gp_vdma: dma probe channel id 13 (Hailo GP dma),
[Fri Mar  9 12:34:52 2018] hailo15-gp-dma 7c05e000.gp_vdma: dma probe channel id 14 (Hailo GP dma),
[Fri Mar  9 12:34:52 2018] hailo15-gp-dma 7c05e000.gp_vdma: dma probe channel id 15 (Hailo GP dma),
[Fri Mar  9 12:34:52 2018] hailo15-gp-dma 7c05e000.gp_vdma: Probing successfully 
[Fri Mar  9 12:34:52 2018] Serial: 8250/16550 driver, 4 ports, IRQ sharing enabled
[Fri Mar  9 12:34:52 2018] brd: module loaded
[Fri Mar  9 12:34:52 2018] loop: module loaded
[Fri Mar  9 12:34:52 2018] tun: Universal TUN/TAP device driver, 1.6
[Fri Mar  9 12:34:52 2018] VFIO - User Level meta-driver version: 0.3
[Fri Mar  9 12:34:52 2018] ehci_hcd: USB 2.0 'Enhanced' Host Controller (EHCI) Driver
[Fri Mar  9 12:34:52 2018] ehci-pci: EHCI PCI platform driver
[Fri Mar  9 12:34:52 2018] ehci-platform: EHCI generic platform driver
[Fri Mar  9 12:34:52 2018] ohci_hcd: USB 1.1 'Open' Host Controller (OHCI) Driver
[Fri Mar  9 12:34:52 2018] ohci-pci: OHCI PCI platform driver
[Fri Mar  9 12:34:52 2018] ohci-platform: OHCI generic platform driver
[Fri Mar  9 12:34:52 2018] usbcore: registered new interface driver uas
[Fri Mar  9 12:34:52 2018] usbcore: registered new interface driver usb-storage
[Fri Mar  9 12:34:52 2018] usbcore: registered new interface driver ums_eneub6250
[Fri Mar  9 12:34:52 2018] usbcore: registered new interface driver ums-jumpshot
[Fri Mar  9 12:34:52 2018] usbcore: registered new interface driver ums-realtek
[Fri Mar  9 12:34:52 2018] usbcore: registered new interface driver ums-sddr09
[Fri Mar  9 12:34:53 2018] usbcore: registered new interface driver ums-sddr55
[Fri Mar  9 12:34:53 2018] usbcore: registered new interface driver ums-usbat
[Fri Mar  9 12:34:53 2018] i2c_dev: i2c /dev entries driver
[Fri Mar  9 12:34:53 2018] enter vvcam_fe_init
[Fri Mar  9 12:34:53 2018] enter vvcam_fe_probe
[Fri Mar  9 12:34:53 2018] vvcam_fe_probe:isp[0]: pdriver_dev =0xffff0000803c9a80
[Fri Mar  9 12:34:53 2018] vvcam_fe_probe:isp[0]: psensor_dev =0xffff000080aec080
[Fri Mar  9 12:34:53 2018] exit vvcam_fe_probe
[Fri Mar  9 12:34:53 2018] EDAC MC: 7c060000.edac ECC not enabled.
[Fri Mar  9 12:34:53 2018] sdhci: Secure Digital Host Controller Interface driver
[Fri Mar  9 12:34:53 2018] sdhci: Copyright(c) Pierre Ossman
[Fri Mar  9 12:34:53 2018] sdhci-pltfm: SDHCI platform and OF driver helper
[Fri Mar  9 12:34:53 2018] ledtrig-cpu: registered to indicate activity on CPUs
[Fri Mar  9 12:34:53 2018] usbcore: registered new interface driver usbhid
[Fri Mar  9 12:34:53 2018] usbhid: USB HID core driver
[Fri Mar  9 12:34:53 2018] NET: Registered PF_INET6 protocol family
[Fri Mar  9 12:34:53 2018] Segment Routing with IPv6
[Fri Mar  9 12:34:53 2018] In-situ OAM (IOAM) with IPv6
[Fri Mar  9 12:34:53 2018] NET: Registered PF_PACKET protocol family
[Fri Mar  9 12:34:53 2018] Key type dns_resolver registered
[Fri Mar  9 12:34:53 2018] Loading compiled-in X.509 certificates
[Fri Mar  9 12:34:53 2018] pstore: Using crash dump compression: deflate
[Fri Mar  9 12:34:53 2018] arm-scmi firmware:scmi: SCMI Notifications - Core Enabled.
[Fri Mar  9 12:34:53 2018] arm-scmi firmware:scmi: SCMI Protocol v2.0 'hailo:hailo' Firmware version 0x310000
[Fri Mar  9 12:34:53 2018] cadence-qspi 10c000.qspi: Cannot claim QSPI clock.
[Fri Mar  9 12:34:53 2018] cpu cpu0: EM: created perf domain
[Fri Mar  9 12:34:53 2018] arm-scmi firmware:scmi: Hailo SCMI Protocol Version 0.49.0
[Fri Mar  9 12:34:53 2018] platform 7c000000.isp: Fixing up cyclic dependency with vision_subsys:video_out
[Fri Mar  9 12:34:53 2018] platform 7c000000.isp: Fixing up cyclic dependency with vision_subsys:video
[Fri Mar  9 12:34:53 2018] platform 7c01c000.hailo_pixel_mux: Fixing up cyclic dependency with 7c011000.csi-bridge
[Fri Mar  9 12:34:53 2018] platform 7c010000.rxwrapper0: Fixing up cyclic dependency with 7c000000.isp
[Fri Mar  9 12:34:53 2018] platform 7c010000.rxwrapper0: Fixing up cyclic dependency with vision_subsys:video
[Fri Mar  9 12:34:53 2018] phy-hailo-torrent 200000.hailo-torrent-phy: Torrent phy wrapper initialized successfully (usb in lane 3, lanes config 6, divider 2)
[Fri Mar  9 12:34:53 2018] hailo-soc soc: scu version 1.9.0, uboot version 1.9.0, linux version 1.9.1
[Fri Mar  9 12:34:53 2018] 108000.uart0: ttyS0 at MMIO 0x108000 (irq = 16, base_baud = 12500000) is a DW_16550A_F32
[Fri Mar  9 12:34:53 2018] 109000.uart1: ttyS1 at MMIO 0x109000 (irq = 17, base_baud = 12500000) is a DW_16550A_F32
[Fri Mar  9 12:34:53 2018] printk: console [ttyS1] enabled
[Fri Mar  9 12:34:53 2018] printk: bootconsole [uart0] disabled
[Fri Mar  9 12:34:53 2018] spi-nor spi0.0: is25wp256 (32768 Kbytes)
[Fri Mar  9 12:34:53 2018] macb 1b5000.ethernet eth0: Cadence GEM rev 0x020a010c at 0x001b5000 irq 27 (0e:f8:e5:02:6c:5b)
[Fri Mar  9 12:34:53 2018] cdns3-hailo 2a0000.hailo-usb3: dr_mode is set to host
[Fri Mar  9 12:34:53 2018] random: fast init done
[Fri Mar  9 12:34:53 2018] xrp 7c040000.xrp: assigned reserved memory node linux,cma
[Fri Mar  9 12:34:53 2018] designware-i2s 10d000.audio-controller-master: creating proc dir h15-snd-10d000.audio-controller-master ...
[Fri Mar  9 12:34:53 2018] i2c 0-001a: Fixing up cyclic dependency with 7c011000.csi-bridge
[Fri Mar  9 12:34:53 2018] ina2xx_precise 1-0040: INA2xx sensor detected successfully 
[Fri Mar  9 12:34:53 2018] ina2xx_precise 1-0040: power monitor ina231_precise (shunt_uohms = 100000 uOhm, max_current_mA = 260 mA) 
[Fri Mar  9 12:34:53 2018] mmc1: SDHCI controller on 78001000.sdio1 [78001000.sdio1] using ADMA 64-bit
[Fri Mar  9 12:34:53 2018] ina2xx_precise 1-0042: INA2xx sensor detected successfully 
[Fri Mar  9 12:34:53 2018] ina2xx_precise 1-0042: power monitor ina231_precise (shunt_uohms = 100000 uOhm, max_current_mA = 170 mA) 
[Fri Mar  9 12:34:53 2018] ina2xx_precise 1-0043: INA2xx sensor detected successfully 
[Fri Mar  9 12:34:53 2018] ina2xx_precise 1-0043: power monitor ina231_precise (shunt_uohms = 1000 uOhm, max_current_mA = 11755 mA) 
[Fri Mar  9 12:34:53 2018] lm75 1-002c: supply vs not found, using dummy regulator
[Fri Mar  9 12:34:53 2018] hwmon hwmon4: temp1_input not attached to any thermal zone
[Fri Mar  9 12:34:53 2018] lm75 1-002c: hwmon4: sensor 'tmp175'
[Fri Mar  9 12:34:53 2018] xhci-hcd xhci-hcd.0.auto: xHCI Host Controller
[Fri Mar  9 12:34:53 2018] xhci-hcd xhci-hcd.0.auto: new USB bus registered, assigned bus number 1
[Fri Mar  9 12:34:53 2018] xhci-hcd xhci-hcd.0.auto: hcc params 0x08007f0d hci version 0x110 quirks 0x0000002000018010
[Fri Mar  9 12:34:53 2018] xhci-hcd xhci-hcd.0.auto: irq 49, io mem 0x00288000
[Fri Mar  9 12:34:53 2018] usb usb1: New USB device found, idVendor=1d6b, idProduct=0002, bcdDevice= 5.15
[Fri Mar  9 12:34:53 2018] usb usb1: New USB device strings: Mfr=3, Product=2, SerialNumber=1
[Fri Mar  9 12:34:53 2018] usb usb1: Product: xHCI Host Controller
[Fri Mar  9 12:34:53 2018] usb usb1: Manufacturer: Linux 5.15.325.15.32-yocto-standard-g20dd6c7061bb xhci-hcd
[Fri Mar  9 12:34:53 2018] usb usb1: SerialNumber: xhci-hcd.0.auto
[Fri Mar  9 12:34:53 2018] hub 1-0:1.0: USB hub found
[Fri Mar  9 12:34:53 2018] hub 1-0:1.0: 1 port detected
[Fri Mar  9 12:34:53 2018] xhci-hcd xhci-hcd.0.auto: xHCI Host Controller
[Fri Mar  9 12:34:53 2018] xhci-hcd xhci-hcd.0.auto: new USB bus registered, assigned bus number 2
[Fri Mar  9 12:34:53 2018] xhci-hcd xhci-hcd.0.auto: Host supports USB 3.1 Enhanced SuperSpeed
[Fri Mar  9 12:34:53 2018] usb usb2: We don't know the algorithms for LPM for this host, disabling LPM.
[Fri Mar  9 12:34:53 2018] mmc1 Tuning Success!
[Fri Mar  9 12:34:53 2018] usb usb2: New USB device found, idVendor=1d6b, idProduct=0003, bcdDevice= 5.15
[Fri Mar  9 12:34:53 2018] mmc1: new ultra high speed SDR104 SDHC card at address aaaa
[Fri Mar  9 12:34:53 2018] usb usb2: New USB device strings: Mfr=3, Product=2, SerialNumber=1
[Fri Mar  9 12:34:53 2018] mmcblk1: mmc1:aaaa SH32G 29.7 GiB 
[Fri Mar  9 12:34:53 2018] usb usb2: Product: xHCI Host Controller
[Fri Mar  9 12:34:53 2018] usb usb2: Manufacturer: Linux 5.15.325.15.32-yocto-standard-g20dd6c7061bb xhci-hcd
[Fri Mar  9 12:34:53 2018]  mmcblk1: p1 p2
[Fri Mar  9 12:34:53 2018] usb usb2: SerialNumber: xhci-hcd.0.auto
[Fri Mar  9 12:34:53 2018] hub 2-0:1.0: USB hub found
[Fri Mar  9 12:34:53 2018] hub 2-0:1.0: 1 port detected
[Fri Mar  9 12:34:53 2018] debugfs: Directory '10d000.audio-controller-master' with parent 'Hailo15-Audio-master' already present!
[Fri Mar  9 12:34:53 2018] ALSA device list:
[Fri Mar  9 12:34:53 2018]   #0: Hailo15-Audio-master
[Fri Mar  9 12:34:53 2018] dw-apb-uart 109000.uart1: forbid DMA for kernel console
[Fri Mar  9 12:34:53 2018] EXT4-fs (mmcblk1p2): recovery complete
[Fri Mar  9 12:34:53 2018] EXT4-fs (mmcblk1p2): mounted filesystem with ordered data mode. Opts: (null). Quota mode: none.
[Fri Mar  9 12:34:53 2018] VFS: Mounted root (ext4 filesystem) on device 179:2.
[Fri Mar  9 12:34:53 2018] devtmpfs: mounted
[Fri Mar  9 12:34:53 2018] Freeing unused kernel memory: 2496K
[Fri Mar  9 12:34:53 2018] Run /sbin/init as init process
[Fri Mar  9 12:34:53 2018]   with arguments:
[Fri Mar  9 12:34:53 2018]     /sbin/init
[Fri Mar  9 12:34:53 2018]   with environment:
[Fri Mar  9 12:34:53 2018]     HOME=/
[Fri Mar  9 12:34:53 2018]     TERM=linux
[Fri Mar  9 12:34:53 2018] fuse: init (API version 7.34)
[Fri Mar  9 12:34:54 2018] FAT-fs (mmcblk1p1): Volume was not properly unmounted. Some data may be corrupt. Please run fsck.
[Fri Mar  9 12:34:54 2018] udevd[169]: starting version 3.2.10
[Fri Mar  9 12:34:54 2018] random: udevd: uninitialized urandom read (16 bytes read)
[Fri Mar  9 12:34:54 2018] random: udevd: uninitialized urandom read (16 bytes read)
[Fri Mar  9 12:34:54 2018] random: udevd: uninitialized urandom read (16 bytes read)
[Fri Mar  9 12:34:54 2018] udevd[170]: starting eudev-3.2.10
[Fri Mar  9 12:34:54 2018] imx334 0-001a: probe started
[Fri Mar  9 12:34:54 2018] hailo_integrated_nnc: loading out-of-tree module taints kernel.
[Fri Mar  9 12:34:54 2018] imx334 0-001a: sensor is not connected: (reg 3015, expected 0, found 2)
[Fri Mar  9 12:34:54 2018] imx334 0-001a: exit probe, sensor not connected
[Fri Mar  9 12:34:54 2018] hx280enc: module init - base_port=0x7c030000 irq=43
[Fri Mar  9 12:34:54 2018] memalloc: CMEM Memory Allocator
[Fri Mar  9 12:34:54 2018] hailort-core-driver 5c000.integrated_nnc: Probing module. driver version 5.1.0
[Fri Mar  9 12:34:54 2018] memalloc: CMEM memory max size = 0x20000000
[Fri Mar  9 12:34:54 2018] imx664 0-001a: probe started
[Fri Mar  9 12:34:54 2018] cmem_alloc: Allocated size 16777216, total allocated size = 16777216 max_allocate = 536870912
[Fri Mar  9 12:34:54 2018] hailort-core-driver 5c000.integrated_nnc: Firmware was loaded successfully
[Fri Mar  9 12:34:54 2018] cmem_alloc: virt=0xffff800009eed000 bus=0xcc200000 size=0x1000000
[Fri Mar  9 12:34:54 2018] hailort-core-driver 5c000.integrated_nnc: Initializing vDMA controller
[Fri Mar  9 12:34:54 2018] imx664 0-001a: sensor is not connected: (reg 3015, expected 4, found 2)
[Fri Mar  9 12:34:54 2018] AllocMemory - after allocating 16777216 bytes (effective 16777216) , total allocation is 33554432
[Fri Mar  9 12:34:54 2018] FreeMemory - freeing chunk addr ffff800009eed000 of size 16777216 for proc 175
[Fri Mar  9 12:34:54 2018] cmem_free: released 16777216 bytes, total allocated size = 0 max_allocate = 536870912
[Fri Mar  9 12:34:54 2018] cmem_free: virt=0xffff800009eed000 bus=0xcc200000 size=0x1000000
[Fri Mar  9 12:34:54 2018] hx280enc: hwid=0x80006005
[Fri Mar  9 12:34:54 2018] hx280enc: HW at base <0x7c030000> with ID <0x80006005>
[Fri Mar  9 12:34:54 2018] ----> irq=43 is registered: ret=0
[Fri Mar  9 12:34:54 2018] hx280enc: module inserted. Major <241>
[Fri Mar  9 12:34:54 2018] hailort-core-driver 5c000.integrated_nnc: Did not detect reserved memory. Using system shared cma
[Fri Mar  9 12:34:54 2018] imx664 0-001a: exit probe, sensor not connected
[Fri Mar  9 12:34:54 2018] hailort-core-driver 5c000.integrated_nnc: Mapped [mem 0x7c050000-0x7c0507ff] /integrated_nnc/vdma@0/channel-regs
[Fri Mar  9 12:34:54 2018] hailo-pixel-mux 7c01c000.hailo_pixel_mux: probe started
[Fri Mar  9 12:34:54 2018] hailort-core-driver 5c000.integrated_nnc: Mapped [mem 0x7c052000-0x7c053fff] /integrated_nnc/vdma@0/engine-regs
[Fri Mar  9 12:34:54 2018] Registering source-ep: [hailo15_pixel_mux.7c01c000.hail, port 2, id 2]
[Fri Mar  9 12:34:54 2018] video out probe start!
[Fri Mar  9 12:34:54 2018] out endpoints not ready!
[Fri Mar  9 12:34:54 2018] hailort-core-driver 5c000.integrated_nnc: Did not detect interrupt-names entry for index 1, using default
[Fri Mar  9 12:34:54 2018] Registering source-ep: [hailo15_pixel_mux.7c01c000.hail, port 3, id 3]
[Fri Mar  9 12:34:54 2018] hailort-core-driver 5c000.integrated_nnc: Mapped [mem 0x7c054000-0x7c0547ff] /integrated_nnc/vdma@1/channel-regs
[Fri Mar  9 12:34:54 2018] hailo-pixel-mux 7c01c000.hailo_pixel_mux: pixel_mux_probe hailo pixel mux probed successfully
[Fri Mar  9 12:34:54 2018] hailort-core-driver 5c000.integrated_nnc: Mapped [mem 0x7c056000-0x7c057fff] /integrated_nnc/vdma@1/engine-regs
[Fri Mar  9 12:34:54 2018] hailo-rxwrapper 7c010000.rxwrapper0: probe started
[Fri Mar  9 12:34:54 2018] hailort-core-driver 5c000.integrated_nnc: Did not detect interrupt-names entry for index 1, using default
[Fri Mar  9 12:34:54 2018] hailo15_rxwrapper base is ffff8000099a9000 first 4 bytes 
[Fri Mar  9 12:34:54 2018] hailort-core-driver 5c000.integrated_nnc: Mapped [mem 0x7c058000-0x7c0587ff] /integrated_nnc/vdma@2/channel-regs
[Fri Mar  9 12:34:54 2018] Registering source-ep: [hailo15_rxwrapper.0, port 1, id 1]
[Fri Mar  9 12:34:54 2018] hailort-core-driver 5c000.integrated_nnc: Mapped [mem 0x7c05a000-0x7c05bfff] /integrated_nnc/vdma@2/engine-regs
[Fri Mar  9 12:34:54 2018] Registering source-ep: [hailo15_rxwrapper.0, port 2, id 2]
[Fri Mar  9 12:34:54 2018] hailort-core-driver 5c000.integrated_nnc: Did not detect interrupt-names entry for index 1, using default
[Fri Mar  9 12:34:55 2018] Registering source-ep: [hailo15_rxwrapper.0, port 3, id 3]
[Fri Mar  9 12:34:55 2018] imx675 0-001a: probe started
[Fri Mar  9 12:34:55 2018] hailort-core-driver 5c000.integrated_nnc: Probing: Enabled 64 bit dma
[Fri Mar  9 12:34:55 2018] cdns-csi2rx 7c011000.csi-bridge: probe started
[Fri Mar  9 12:34:55 2018] hailo15-dphy 7c013000.dphy: D-PHY probe started
[Fri Mar  9 12:34:55 2018] hailo15-dphy 7c013000.dphy: probe finished successfully
[Fri Mar  9 12:34:55 2018] cdns-csi2rx 7c011000.csi-bridge: Probed CSI2RX successfully with 4/4 lanes, 1 streams, internal D-PHY
[Fri Mar  9 12:34:55 2018] Registering source-ep: [hailo15_rxwrapper.0, port 4, id 4]
[Fri Mar  9 12:34:55 2018] hailort-core-driver 5c000.integrated_nnc: vDMA controller is initialized
[Fri Mar  9 12:34:55 2018] hailort-core-driver 5c000.integrated_nnc: Allocated memory from device tree memory region starting physical address: 0x80500000, size: 0x200000
[Fri Mar  9 12:34:55 2018] Registering source-ep: [hailo15_rxwrapper.0, port 5, id 5]
[Fri Mar  9 12:34:55 2018] imx675 0-001a: sensor is not connected: (reg 3015, expected 4, found 2)
[Fri Mar  9 12:34:55 2018] imx675 0-001a: exit probe, sensor not connected
[Fri Mar  9 12:34:55 2018] imx678 0-001a: probe started
[Fri Mar  9 12:34:55 2018] Registering source-ep: [hailo15_rxwrapper.0, port 6, id 6]
[Fri Mar  9 12:34:55 2018] hailo-rxwrapper 7c010000.rxwrapper0: probe finished successfully
[Fri Mar  9 12:34:55 2018] video out probe start!
[Fri Mar  9 12:34:55 2018] out endpoints not ready!
[Fri Mar  9 12:34:55 2018] imx678 0-001a: sensor detected!
[Fri Mar  9 12:34:55 2018] imx678 0-001a: probe finished successfully
[Fri Mar  9 12:34:55 2018] hailo15_isp_ctrl_init - calling v4l2_ctrl_handler_init with count 235
[Fri Mar  9 12:34:55 2018] hailo15_isp_ctrl_init - done
[Fri Mar  9 12:34:55 2018] remote-ep: [rxwrapper1@7c014000, port 6, id 6] connected to sink-ep: [hailo-isp, port 13050188, id -32768], parent remote-ep not available, skipping...
[Fri Mar  9 12:34:55 2018] Registering source-ep: [hailo-isp, port 2, id 0]
[Fri Mar  9 12:34:55 2018] Registering source-ep: [hailo-isp, port 3, id 0]
[Fri Mar  9 12:34:55 2018] Registering source-ep: [hailo-isp, port 5, id 0]
[Fri Mar  9 12:34:55 2018] hailo-isp 7c000000.isp: hailo15 isp driver probed successfully
[Fri Mar  9 12:34:55 2018] initializing video endpoint port 0, id: 0
[Fri Mar  9 12:34:55 2018] hailo-pixel-mux 7c01c000.hailo_pixel_mux: hailo15_pixel_mux_async_bound source pad 1
[Fri Mar  9 12:34:55 2018] skipping remote-ep endpoint because its device is not available
[Fri Mar  9 12:34:55 2018] vid_node 0 initialized successfully
[Fri Mar  9 12:34:55 2018] initializing video endpoint port 1, id: 1
[Fri Mar  9 12:34:55 2018] vid_node 1 initialized successfully
[Fri Mar  9 12:34:55 2018] initializing video endpoint port 2, id: 2
[Fri Mar  9 12:34:55 2018] vid_node 2 initialized successfully
[Fri Mar  9 12:34:55 2018] initializing video endpoint port 20, id: 20
[Fri Mar  9 12:34:55 2018] vid_node 20 initialized successfully
[Fri Mar  9 12:34:55 2018] initializing video endpoint port 21, id: 21
[Fri Mar  9 12:34:55 2018] vid_node 21 initialized successfully
[Fri Mar  9 12:34:55 2018] initializing video endpoint port 22, id: 22
[Fri Mar  9 12:34:55 2018] vid_node 22 initialized successfully
[Fri Mar  9 12:34:55 2018] initializing video endpoint port 23, id: 23
[Fri Mar  9 12:34:55 2018] vid_node 23 initialized successfully
[Fri Mar  9 12:34:55 2018] hailo_video vision_subsys:video: Video device probe finished successfully
[Fri Mar  9 12:34:55 2018] video out probe start!
[Fri Mar  9 12:34:55 2018] vid out initializing 1
[Fri Mar  9 12:34:55 2018] vid_node 0 initialized successfully
[Fri Mar  9 12:34:55 2018] vid out initializing 2
[Fri Mar  9 12:34:55 2018] EXT4-fs (mmcblk1p2): re-mounted. Opts: (null). Quota mode: none.
[Fri Mar  9 12:34:55 2018] urandom_read: 4 callbacks suppressed
[Fri Mar  9 12:34:55 2018] random: dd: uninitialized urandom read (512 bytes read)
[Fri Mar  9 12:34:55 2018] macb 1b5000.ethernet eth0: PHY [1b5000.ethernet-ffffffff:00] driver [Generic PHY] (irq=POLL)
[Fri Mar  9 12:34:55 2018] macb 1b5000.ethernet eth0: configuring for phy/rgmii-id link mode
[Fri Mar  9 12:34:55 2018] random: dbus-daemon: uninitialized urandom read (12 bytes read)
[Fri Mar  9 12:34:55 2018] random: dbus-daemon: uninitialized urandom read (12 bytes read)
[Fri Mar  9 12:34:57 2018] sp805-wdt 7c2c1000.watchdog: registration successful
[Fri Mar  9 12:34:58 2018] random: crng init done
[Fri Mar  9 12:34:58 2018] Bluetooth: Core ver 2.22
[Fri Mar  9 12:34:58 2018] NET: Registered PF_BLUETOOTH protocol family
[Fri Mar  9 12:34:58 2018] Bluetooth: HCI device and connection manager initialized
[Fri Mar  9 12:34:58 2018] Bluetooth: HCI socket layer initialized
[Fri Mar  9 12:34:58 2018] Bluetooth: L2CAP socket layer initialized
[Fri Mar  9 12:34:58 2018] Bluetooth: SCO socket layer initialized
[Fri Mar  9 12:34:58 2018] SCU booted from:                Flash
[Fri Mar  9 12:34:58 2018] macb 1b5000.ethernet eth0: Link is Up - 1Gbps/Full - flow control tx
[Fri Mar  9 12:34:58 2018] IPv6: ADDRCONF(NETDEV_CHANGE): eth0: link becomes ready
[Fri Mar  9 12:35:28 2018] usb 1-1: new high-speed USB device number 9 using xhci-hcd
[Fri Mar  9 12:35:28 2018] usb 1-1: New USB device found, idVendor=05e3, idProduct=0610, bcdDevice= 5.11
[Fri Mar  9 12:35:28 2018] usb 1-1: New USB device strings: Mfr=1, Product=2, SerialNumber=0
[Fri Mar  9 12:35:28 2018] usb 1-1: Product: USB2.0 Hub
[Fri Mar  9 12:35:28 2018] usb 1-1: Manufacturer: GenesysLogic
[Fri Mar  9 12:35:28 2018] hub 1-1:1.0: USB hub found
[Fri Mar  9 12:35:28 2018] hub 1-1:1.0: 4 ports detected
[Fri Mar  9 12:35:29 2018] usb 2-1: new SuperSpeed USB device number 9 using xhci-hcd
[Fri Mar  9 12:35:29 2018] usb 2-1: New USB device found, idVendor=05e3, idProduct=0620, bcdDevice= 5.11
[Fri Mar  9 12:35:29 2018] usb 2-1: New USB device strings: Mfr=1, Product=2, SerialNumber=0
[Fri Mar  9 12:35:29 2018] usb 2-1: Product: USB3.0 Hub
[Fri Mar  9 12:35:29 2018] usb 2-1: Manufacturer: GenesysLogic
[Fri Mar  9 12:35:29 2018] hub 2-1:1.0: USB hub found
[Fri Mar  9 12:35:29 2018] hub 2-1:1.0: 4 ports detected
[Fri Mar  9 12:42:06 2018] cmem_alloc: Allocated size 2228224, total allocated size = 2228224 max_allocate = 536870912
[Fri Mar  9 12:42:06 2018] cmem_alloc: virt=0xffff80000cf38000 bus=0xcea00000 size=0x220000
[Fri Mar  9 12:42:06 2018] AllocMemory - after allocating 2219520 bytes (effective 2228224) , total allocation is 4456448
[Fri Mar  9 12:42:06 2018] cmem_alloc: Allocated size 2228224, total allocated size = 6684672 max_allocate = 536870912
[Fri Mar  9 12:42:06 2018] cmem_alloc: virt=0xffff80000d159000 bus=0xced00000 size=0x220000
[Fri Mar  9 12:42:06 2018] AllocMemory - after allocating 2219520 bytes (effective 2228224) , total allocation is 8912896
[Fri Mar  9 12:42:06 2018] cmem_alloc: Allocated size 2228224, total allocated size = 11141120 max_allocate = 536870912
[Fri Mar  9 12:42:06 2018] cmem_alloc: virt=0xffff80000d37a000 bus=0xcf000000 size=0x220000
[Fri Mar  9 12:42:06 2018] AllocMemory - after allocating 2219520 bytes (effective 2228224) , total allocation is 13369344
[Fri Mar  9 12:42:06 2018] cmem_alloc: Allocated size 1114112, total allocated size = 14483456 max_allocate = 536870912
[Fri Mar  9 12:42:06 2018] cmem_alloc: virt=0xffff80000cb05000 bus=0xcf300000 size=0x110000
[Fri Mar  9 12:42:06 2018] AllocMemory - after allocating 1109760 bytes (effective 1114112) , total allocation is 15597568
[Fri Mar  9 12:42:06 2018] cmem_alloc: Allocated size 1114112, total allocated size = 16711680 max_allocate = 536870912
[Fri Mar  9 12:42:06 2018] cmem_alloc: virt=0xffff80000d59b000 bus=0xcf500000 size=0x110000
[Fri Mar  9 12:42:06 2018] AllocMemory - after allocating 1109760 bytes (effective 1114112) , total allocation is 17825792
[Fri Mar  9 12:42:06 2018] cmem_alloc: Allocated size 1114112, total allocated size = 18939904 max_allocate = 536870912
[Fri Mar  9 12:42:06 2018] cmem_alloc: virt=0xffff80000d6ac000 bus=0xcf700000 size=0x110000
[Fri Mar  9 12:42:06 2018] AllocMemory - after allocating 1109760 bytes (effective 1114112) , total allocation is 20054016
[Fri Mar  9 12:42:06 2018] cmem_alloc: Allocated size 16384, total allocated size = 20070400 max_allocate = 536870912
[Fri Mar  9 12:42:06 2018] cmem_alloc: virt=0xffff800009697000 bus=0xcc188000 size=0x4000
[Fri Mar  9 12:42:06 2018] AllocMemory - after allocating 72 bytes (effective 16384) , total allocation is 20086784
[Fri Mar  9 12:42:06 2018] cmem_alloc: Allocated size 49152, total allocated size = 20135936 max_allocate = 536870912
[Fri Mar  9 12:42:06 2018] cmem_alloc: virt=0xffff80000c9dd000 bus=0xcc190000 size=0xc000
[Fri Mar  9 12:42:06 2018] AllocMemory - after allocating 36864 bytes (effective 49152) , total allocation is 20185088
[Fri Mar  9 12:42:06 2018] cmem_alloc: Allocated size 16384, total allocated size = 20201472 max_allocate = 536870912
[Fri Mar  9 12:42:06 2018] cmem_alloc: virt=0xffff8000096b7000 bus=0xcc18c000 size=0x4000
[Fri Mar  9 12:42:06 2018] AllocMemory - after allocating 16320 bytes (effective 16384) , total allocation is 20217856
[Fri Mar  9 12:42:06 2018] cmem_alloc: Allocated size 16384, total allocated size = 20234240 max_allocate = 536870912
[Fri Mar  9 12:42:06 2018] cmem_alloc: virt=0xffff800009a07000 bus=0xcc19c000 size=0x4000
[Fri Mar  9 12:42:06 2018] AllocMemory - after allocating 16320 bytes (effective 16384) , total allocation is 20250624
[Fri Mar  9 12:42:06 2018] cmem_alloc: Allocated size 32768, total allocated size = 20283392 max_allocate = 536870912
[Fri Mar  9 12:42:06 2018] cmem_alloc: virt=0xffff800009a3f000 bus=0xcc1a0000 size=0x8000
[Fri Mar  9 12:42:06 2018] AllocMemory - after allocating 21488 bytes (effective 32768) , total allocation is 20316160
[Fri Mar  9 12:42:06 2018] cmem_alloc: Allocated size 32768, total allocated size = 20348928 max_allocate = 536870912
[Fri Mar  9 12:42:06 2018] cmem_alloc: virt=0xffff800009a65000 bus=0xcc1a8000 size=0x8000
[Fri Mar  9 12:42:06 2018] AllocMemory - after allocating 21488 bytes (effective 32768) , total allocation is 20381696
[Fri Mar  9 12:42:06 2018] cmem_alloc: Allocated size 32768, total allocated size = 20414464 max_allocate = 536870912
[Fri Mar  9 12:42:06 2018] cmem_alloc: virt=0xffff800009a8d000 bus=0xcc1b0000 size=0x8000
[Fri Mar  9 12:42:06 2018] AllocMemory - after allocating 21488 bytes (effective 32768) , total allocation is 20447232
[Fri Mar  9 12:42:06 2018] cmem_alloc: Allocated size 16384, total allocated size = 20463616 max_allocate = 536870912
[Fri Mar  9 12:42:06 2018] cmem_alloc: virt=0xffff800009a0f000 bus=0xcc1b8000 size=0x4000
[Fri Mar  9 12:42:06 2018] AllocMemory - after allocating 4080 bytes (effective 16384) , total allocation is 20480000
[Fri Mar  9 12:42:06 2018] cmem_alloc: Allocated size 16384, total allocated size = 20496384 max_allocate = 536870912
[Fri Mar  9 12:42:06 2018] cmem_alloc: virt=0xffff800009a17000 bus=0xcc1bc000 size=0x4000
[Fri Mar  9 12:42:06 2018] AllocMemory - after allocating 4080 bytes (effective 16384) , total allocation is 20512768
[Fri Mar  9 12:42:06 2018] cmem_alloc: Allocated size 16384, total allocated size = 20529152 max_allocate = 536870912
[Fri Mar  9 12:42:06 2018] cmem_alloc: virt=0xffff800009a27000 bus=0xcc1c0000 size=0x4000
[Fri Mar  9 12:42:06 2018] AllocMemory - after allocating 4080 bytes (effective 16384) , total allocation is 20545536
[Fri Mar  9 12:42:07 2018] imx678 0-001a: imx678: start_streaming successful (SDR #0 30fps)
[Fri Mar  9 12:42:18 2018] FreeMemory - freeing chunk addr ffff80000cf38000 of size 2228224 for proc 648
[Fri Mar  9 12:42:18 2018] cmem_free: released 2228224 bytes, total allocated size = 16089088 max_allocate = 536870912
[Fri Mar  9 12:42:18 2018] cmem_free: virt=0xffff80000cf38000 bus=0xcea00000 size=0x220000
[Fri Mar  9 12:42:18 2018] FreeMemory - freeing chunk addr ffff80000cb05000 of size 1114112 for proc 648
[Fri Mar  9 12:42:18 2018] cmem_free: released 1114112 bytes, total allocated size = 13860864 max_allocate = 536870912
[Fri Mar  9 12:42:18 2018] cmem_free: virt=0xffff80000cb05000 bus=0xcf300000 size=0x110000
[Fri Mar  9 12:42:18 2018] FreeMemory - freeing chunk addr ffff800009a3f000 of size 32768 for proc 648
[Fri Mar  9 12:42:18 2018] cmem_free: released 32768 bytes, total allocated size = 13795328 max_allocate = 536870912
[Fri Mar  9 12:42:18 2018] cmem_free: virt=0xffff800009a3f000 bus=0xcc1a0000 size=0x8000
[Fri Mar  9 12:42:18 2018] FreeMemory - freeing chunk addr ffff800009a0f000 of size 16384 for proc 648
[Fri Mar  9 12:42:18 2018] cmem_free: released 16384 bytes, total allocated size = 13762560 max_allocate = 536870912
[Fri Mar  9 12:42:18 2018] cmem_free: virt=0xffff800009a0f000 bus=0xcc1b8000 size=0x4000
[Fri Mar  9 12:42:18 2018] FreeMemory - freeing chunk addr ffff80000d159000 of size 2228224 for proc 648
[Fri Mar  9 12:42:18 2018] cmem_free: released 2228224 bytes, total allocated size = 9306112 max_allocate = 536870912
[Fri Mar  9 12:42:18 2018] cmem_free: virt=0xffff80000d159000 bus=0xced00000 size=0x220000
[Fri Mar  9 12:42:18 2018] FreeMemory - freeing chunk addr ffff80000d59b000 of size 1114112 for proc 648
[Fri Mar  9 12:42:18 2018] cmem_free: released 1114112 bytes, total allocated size = 7077888 max_allocate = 536870912
[Fri Mar  9 12:42:18 2018] cmem_free: virt=0xffff80000d59b000 bus=0xcf500000 size=0x110000
[Fri Mar  9 12:42:18 2018] FreeMemory - freeing chunk addr ffff800009a65000 of size 32768 for proc 648
[Fri Mar  9 12:42:18 2018] cmem_free: released 32768 bytes, total allocated size = 7012352 max_allocate = 536870912
[Fri Mar  9 12:42:18 2018] cmem_free: virt=0xffff800009a65000 bus=0xcc1a8000 size=0x8000
[Fri Mar  9 12:42:18 2018] FreeMemory - freeing chunk addr ffff800009a17000 of size 16384 for proc 648
[Fri Mar  9 12:42:18 2018] cmem_free: released 16384 bytes, total allocated size = 6979584 max_allocate = 536870912
[Fri Mar  9 12:42:18 2018] cmem_free: virt=0xffff800009a17000 bus=0xcc1bc000 size=0x4000
[Fri Mar  9 12:42:18 2018] FreeMemory - freeing chunk addr ffff80000d37a000 of size 2228224 for proc 648
[Fri Mar  9 12:42:18 2018] cmem_free: released 2228224 bytes, total allocated size = 2523136 max_allocate = 536870912
[Fri Mar  9 12:42:18 2018] cmem_free: virt=0xffff80000d37a000 bus=0xcf000000 size=0x220000
[Fri Mar  9 12:42:18 2018] FreeMemory - freeing chunk addr ffff80000d6ac000 of size 1114112 for proc 648
[Fri Mar  9 12:42:18 2018] cmem_free: released 1114112 bytes, total allocated size = 294912 max_allocate = 536870912
[Fri Mar  9 12:42:18 2018] cmem_free: virt=0xffff80000d6ac000 bus=0xcf700000 size=0x110000
[Fri Mar  9 12:42:18 2018] FreeMemory - freeing chunk addr ffff800009a8d000 of size 32768 for proc 648
[Fri Mar  9 12:42:18 2018] cmem_free: released 32768 bytes, total allocated size = 229376 max_allocate = 536870912
[Fri Mar  9 12:42:18 2018] cmem_free: virt=0xffff800009a8d000 bus=0xcc1b0000 size=0x8000
[Fri Mar  9 12:42:18 2018] FreeMemory - freeing chunk addr ffff800009a27000 of size 16384 for proc 648
[Fri Mar  9 12:42:18 2018] cmem_free: released 16384 bytes, total allocated size = 196608 max_allocate = 536870912
[Fri Mar  9 12:42:18 2018] cmem_free: virt=0xffff800009a27000 bus=0xcc1c0000 size=0x4000
[Fri Mar  9 12:42:18 2018] FreeMemory - freeing chunk addr ffff80000c9dd000 of size 49152 for proc 648
[Fri Mar  9 12:42:18 2018] cmem_free: released 49152 bytes, total allocated size = 98304 max_allocate = 536870912
[Fri Mar  9 12:42:18 2018] cmem_free: virt=0xffff80000c9dd000 bus=0xcc190000 size=0xc000
[Fri Mar  9 12:42:18 2018] FreeMemory - freeing chunk addr ffff800009697000 of size 16384 for proc 648
[Fri Mar  9 12:42:18 2018] cmem_free: released 16384 bytes, total allocated size = 65536 max_allocate = 536870912
[Fri Mar  9 12:42:18 2018] cmem_free: virt=0xffff800009697000 bus=0xcc188000 size=0x4000
[Fri Mar  9 12:42:18 2018] FreeMemory - freeing chunk addr ffff8000096b7000 of size 16384 for proc 648
[Fri Mar  9 12:42:18 2018] cmem_free: released 16384 bytes, total allocated size = 32768 max_allocate = 536870912
[Fri Mar  9 12:42:18 2018] cmem_free: virt=0xffff8000096b7000 bus=0xcc18c000 size=0x4000
[Fri Mar  9 12:42:18 2018] FreeMemory - freeing chunk addr ffff800009a07000 of size 16384 for proc 648
[Fri Mar  9 12:42:18 2018] cmem_free: released 16384 bytes, total allocated size = 0 max_allocate = 536870912
[Fri Mar  9 12:42:18 2018] cmem_free: virt=0xffff800009a07000 bus=0xcc19c000 size=0x4000
[Fri Mar  9 12:42:21 2018] cmem_alloc: Allocated size 2228224, total allocated size = 2228224 max_allocate = 536870912
[Fri Mar  9 12:42:21 2018] cmem_alloc: virt=0xffff80000cf38000 bus=0xcea00000 size=0x220000
[Fri Mar  9 12:42:21 2018] AllocMemory - after allocating 2219520 bytes (effective 2228224) , total allocation is 4456448
[Fri Mar  9 12:42:21 2018] cmem_alloc: Allocated size 2228224, total allocated size = 6684672 max_allocate = 536870912
[Fri Mar  9 12:42:21 2018] cmem_alloc: virt=0xffff80000d159000 bus=0xced00000 size=0x220000
[Fri Mar  9 12:42:21 2018] AllocMemory - after allocating 2219520 bytes (effective 2228224) , total allocation is 8912896
[Fri Mar  9 12:42:21 2018] cmem_alloc: Allocated size 2228224, total allocated size = 11141120 max_allocate = 536870912
[Fri Mar  9 12:42:21 2018] cmem_alloc: virt=0xffff80000d37a000 bus=0xcf000000 size=0x220000
[Fri Mar  9 12:42:21 2018] AllocMemory - after allocating 2219520 bytes (effective 2228224) , total allocation is 13369344
[Fri Mar  9 12:42:21 2018] cmem_alloc: Allocated size 1114112, total allocated size = 14483456 max_allocate = 536870912
[Fri Mar  9 12:42:21 2018] cmem_alloc: virt=0xffff80000cb05000 bus=0xcf300000 size=0x110000
[Fri Mar  9 12:42:21 2018] AllocMemory - after allocating 1109760 bytes (effective 1114112) , total allocation is 15597568
[Fri Mar  9 12:42:21 2018] cmem_alloc: Allocated size 1114112, total allocated size = 16711680 max_allocate = 536870912
[Fri Mar  9 12:42:21 2018] cmem_alloc: virt=0xffff80000d59b000 bus=0xcf500000 size=0x110000
[Fri Mar  9 12:42:21 2018] AllocMemory - after allocating 1109760 bytes (effective 1114112) , total allocation is 17825792
[Fri Mar  9 12:42:21 2018] cmem_alloc: Allocated size 1114112, total allocated size = 18939904 max_allocate = 536870912
[Fri Mar  9 12:42:21 2018] cmem_alloc: virt=0xffff80000d6ac000 bus=0xcf700000 size=0x110000
[Fri Mar  9 12:42:21 2018] AllocMemory - after allocating 1109760 bytes (effective 1114112) , total allocation is 20054016
[Fri Mar  9 12:42:21 2018] cmem_alloc: Allocated size 16384, total allocated size = 20070400 max_allocate = 536870912
[Fri Mar  9 12:42:21 2018] cmem_alloc: virt=0xffff80000960f000 bus=0xcc188000 size=0x4000
[Fri Mar  9 12:42:21 2018] AllocMemory - after allocating 72 bytes (effective 16384) , total allocation is 20086784
[Fri Mar  9 12:42:21 2018] cmem_alloc: Allocated size 49152, total allocated size = 20135936 max_allocate = 536870912
[Fri Mar  9 12:42:21 2018] cmem_alloc: virt=0xffff80000c9f5000 bus=0xcc190000 size=0xc000
[Fri Mar  9 12:42:21 2018] AllocMemory - after allocating 36864 bytes (effective 49152) , total allocation is 20185088
[Fri Mar  9 12:42:21 2018] cmem_alloc: Allocated size 16384, total allocated size = 20201472 max_allocate = 536870912
[Fri Mar  9 12:42:21 2018] cmem_alloc: virt=0xffff800009617000 bus=0xcc18c000 size=0x4000
[Fri Mar  9 12:42:21 2018] AllocMemory - after allocating 16320 bytes (effective 16384) , total allocation is 20217856
[Fri Mar  9 12:42:21 2018] cmem_alloc: Allocated size 16384, total allocated size = 20234240 max_allocate = 536870912
[Fri Mar  9 12:42:21 2018] cmem_alloc: virt=0xffff80000961f000 bus=0xcc19c000 size=0x4000
[Fri Mar  9 12:42:21 2018] AllocMemory - after allocating 16320 bytes (effective 16384) , total allocation is 20250624
[Fri Mar  9 12:42:21 2018] cmem_alloc: Allocated size 32768, total allocated size = 20283392 max_allocate = 536870912
[Fri Mar  9 12:42:21 2018] cmem_alloc: virt=0xffff800009a3f000 bus=0xcc1a0000 size=0x8000
[Fri Mar  9 12:42:21 2018] AllocMemory - after allocating 21488 bytes (effective 32768) , total allocation is 20316160
[Fri Mar  9 12:42:21 2018] cmem_alloc: Allocated size 32768, total allocated size = 20348928 max_allocate = 536870912
[Fri Mar  9 12:42:21 2018] cmem_alloc: virt=0xffff800009a65000 bus=0xcc1a8000 size=0x8000
[Fri Mar  9 12:42:21 2018] AllocMemory - after allocating 21488 bytes (effective 32768) , total allocation is 20381696
[Fri Mar  9 12:42:21 2018] cmem_alloc: Allocated size 32768, total allocated size = 20414464 max_allocate = 536870912
[Fri Mar  9 12:42:21 2018] cmem_alloc: virt=0xffff800009a8d000 bus=0xcc1b0000 size=0x8000
[Fri Mar  9 12:42:21 2018] AllocMemory - after allocating 21488 bytes (effective 32768) , total allocation is 20447232
[Fri Mar  9 12:42:21 2018] cmem_alloc: Allocated size 16384, total allocated size = 20463616 max_allocate = 536870912
[Fri Mar  9 12:42:21 2018] cmem_alloc: virt=0xffff80000968f000 bus=0xcc1b8000 size=0x4000
[Fri Mar  9 12:42:21 2018] AllocMemory - after allocating 4080 bytes (effective 16384) , total allocation is 20480000
[Fri Mar  9 12:42:21 2018] cmem_alloc: Allocated size 16384, total allocated size = 20496384 max_allocate = 536870912
[Fri Mar  9 12:42:21 2018] cmem_alloc: virt=0xffff800009697000 bus=0xcc1bc000 size=0x4000
[Fri Mar  9 12:42:21 2018] AllocMemory - after allocating 4080 bytes (effective 16384) , total allocation is 20512768
[Fri Mar  9 12:42:21 2018] cmem_alloc: Allocated size 16384, total allocated size = 20529152 max_allocate = 536870912
[Fri Mar  9 12:42:21 2018] cmem_alloc: virt=0xffff8000096b7000 bus=0xcc1c0000 size=0x4000
[Fri Mar  9 12:42:21 2018] AllocMemory - after allocating 4080 bytes (effective 16384) , total allocation is 20545536
[Fri Mar  9 12:42:22 2018] imx678 0-001a: imx678: start_streaming successful (SDR #0 30fps)
[Fri Mar  9 12:42:33 2018] FreeMemory - freeing chunk addr ffff80000cf38000 of size 2228224 for proc 648
[Fri Mar  9 12:42:33 2018] cmem_free: released 2228224 bytes, total allocated size = 16089088 max_allocate = 536870912
[Fri Mar  9 12:42:33 2018] cmem_free: virt=0xffff80000cf38000 bus=0xcea00000 size=0x220000
[Fri Mar  9 12:42:33 2018] FreeMemory - freeing chunk addr ffff80000cb05000 of size 1114112 for proc 648
[Fri Mar  9 12:42:33 2018] cmem_free: released 1114112 bytes, total allocated size = 13860864 max_allocate = 536870912
[Fri Mar  9 12:42:33 2018] cmem_free: virt=0xffff80000cb05000 bus=0xcf300000 size=0x110000
[Fri Mar  9 12:42:33 2018] FreeMemory - freeing chunk addr ffff800009a3f000 of size 32768 for proc 648
[Fri Mar  9 12:42:33 2018] cmem_free: released 32768 bytes, total allocated size = 13795328 max_allocate = 536870912
[Fri Mar  9 12:42:33 2018] cmem_free: virt=0xffff800009a3f000 bus=0xcc1a0000 size=0x8000
[Fri Mar  9 12:42:33 2018] FreeMemory - freeing chunk addr ffff80000968f000 of size 16384 for proc 648
[Fri Mar  9 12:42:33 2018] cmem_free: released 16384 bytes, total allocated size = 13762560 max_allocate = 536870912
[Fri Mar  9 12:42:33 2018] cmem_free: virt=0xffff80000968f000 bus=0xcc1b8000 size=0x4000
[Fri Mar  9 12:42:33 2018] FreeMemory - freeing chunk addr ffff80000d159000 of size 2228224 for proc 648
[Fri Mar  9 12:42:33 2018] cmem_free: released 2228224 bytes, total allocated size = 9306112 max_allocate = 536870912
[Fri Mar  9 12:42:33 2018] cmem_free: virt=0xffff80000d159000 bus=0xced00000 size=0x220000
[Fri Mar  9 12:42:33 2018] FreeMemory - freeing chunk addr ffff80000d59b000 of size 1114112 for proc 648
[Fri Mar  9 12:42:33 2018] cmem_free: released 1114112 bytes, total allocated size = 7077888 max_allocate = 536870912
[Fri Mar  9 12:42:33 2018] cmem_free: virt=0xffff80000d59b000 bus=0xcf500000 size=0x110000
[Fri Mar  9 12:42:33 2018] FreeMemory - freeing chunk addr ffff800009a65000 of size 32768 for proc 648
[Fri Mar  9 12:42:33 2018] cmem_free: released 32768 bytes, total allocated size = 7012352 max_allocate = 536870912
[Fri Mar  9 12:42:33 2018] cmem_free: virt=0xffff800009a65000 bus=0xcc1a8000 size=0x8000
[Fri Mar  9 12:42:33 2018] FreeMemory - freeing chunk addr ffff800009697000 of size 16384 for proc 648
[Fri Mar  9 12:42:33 2018] cmem_free: released 16384 bytes, total allocated size = 6979584 max_allocate = 536870912
[Fri Mar  9 12:42:33 2018] cmem_free: virt=0xffff800009697000 bus=0xcc1bc000 size=0x4000
[Fri Mar  9 12:42:33 2018] FreeMemory - freeing chunk addr ffff80000d37a000 of size 2228224 for proc 648
[Fri Mar  9 12:42:33 2018] cmem_free: released 2228224 bytes, total allocated size = 2523136 max_allocate = 536870912
[Fri Mar  9 12:42:33 2018] cmem_free: virt=0xffff80000d37a000 bus=0xcf000000 size=0x220000
[Fri Mar  9 12:42:33 2018] FreeMemory - freeing chunk addr ffff80000d6ac000 of size 1114112 for proc 648
[Fri Mar  9 12:42:33 2018] cmem_free: released 1114112 bytes, total allocated size = 294912 max_allocate = 536870912
[Fri Mar  9 12:42:33 2018] cmem_free: virt=0xffff80000d6ac000 bus=0xcf700000 size=0x110000
[Fri Mar  9 12:42:33 2018] FreeMemory - freeing chunk addr ffff800009a8d000 of size 32768 for proc 648
[Fri Mar  9 12:42:33 2018] cmem_free: released 32768 bytes, total allocated size = 229376 max_allocate = 536870912
[Fri Mar  9 12:42:33 2018] cmem_free: virt=0xffff800009a8d000 bus=0xcc1b0000 size=0x8000
[Fri Mar  9 12:42:33 2018] FreeMemory - freeing chunk addr ffff8000096b7000 of size 16384 for proc 648
[Fri Mar  9 12:42:33 2018] cmem_free: released 16384 bytes, total allocated size = 196608 max_allocate = 536870912
[Fri Mar  9 12:42:33 2018] cmem_free: virt=0xffff8000096b7000 bus=0xcc1c0000 size=0x4000
[Fri Mar  9 12:42:33 2018] FreeMemory - freeing chunk addr ffff80000c9f5000 of size 49152 for proc 648
[Fri Mar  9 12:42:33 2018] cmem_free: released 49152 bytes, total allocated size = 98304 max_allocate = 536870912
[Fri Mar  9 12:42:33 2018] cmem_free: virt=0xffff80000c9f5000 bus=0xcc190000 size=0xc000
[Fri Mar  9 12:42:33 2018] FreeMemory - freeing chunk addr ffff80000960f000 of size 16384 for proc 648
[Fri Mar  9 12:42:33 2018] cmem_free: released 16384 bytes, total allocated size = 65536 max_allocate = 536870912
[Fri Mar  9 12:42:33 2018] cmem_free: virt=0xffff80000960f000 bus=0xcc188000 size=0x4000
[Fri Mar  9 12:42:33 2018] FreeMemory - freeing chunk addr ffff800009617000 of size 16384 for proc 648
[Fri Mar  9 12:42:33 2018] cmem_free: released 16384 bytes, total allocated size = 32768 max_allocate = 536870912
[Fri Mar  9 12:42:33 2018] cmem_free: virt=0xffff800009617000 bus=0xcc18c000 size=0x4000
[Fri Mar  9 12:42:33 2018] FreeMemory - freeing chunk addr ffff80000961f000 of size 16384 for proc 648
[Fri Mar  9 12:42:33 2018] cmem_free: released 16384 bytes, total allocated size = 0 max_allocate = 536870912
[Fri Mar  9 12:42:33 2018] cmem_free: virt=0xffff80000961f000 bus=0xcc19c000 size=0x4000
[Fri Mar  9 12:42:36 2018] cmem_alloc: Allocated size 2228224, total allocated size = 2228224 max_allocate = 536870912
[Fri Mar  9 12:42:36 2018] cmem_alloc: virt=0xffff80000cf38000 bus=0xcea00000 size=0x220000
[Fri Mar  9 12:42:36 2018] AllocMemory - after allocating 2219520 bytes (effective 2228224) , total allocation is 4456448
[Fri Mar  9 12:42:36 2018] cmem_alloc: Allocated size 2228224, total allocated size = 6684672 max_allocate = 536870912
[Fri Mar  9 12:42:36 2018] cmem_alloc: virt=0xffff80000d159000 bus=0xced00000 size=0x220000
[Fri Mar  9 12:42:36 2018] AllocMemory - after allocating 2219520 bytes (effective 2228224) , total allocation is 8912896
[Fri Mar  9 12:42:36 2018] cmem_alloc: Allocated size 2228224, total allocated size = 11141120 max_allocate = 536870912
[Fri Mar  9 12:42:36 2018] cmem_alloc: virt=0xffff80000d37a000 bus=0xcf000000 size=0x220000
[Fri Mar  9 12:42:36 2018] AllocMemory - after allocating 2219520 bytes (effective 2228224) , total allocation is 13369344
[Fri Mar  9 12:42:36 2018] cmem_alloc: Allocated size 1114112, total allocated size = 14483456 max_allocate = 536870912
[Fri Mar  9 12:42:36 2018] cmem_alloc: virt=0xffff80000cb05000 bus=0xcf300000 size=0x110000
[Fri Mar  9 12:42:36 2018] AllocMemory - after allocating 1109760 bytes (effective 1114112) , total allocation is 15597568
[Fri Mar  9 12:42:36 2018] cmem_alloc: Allocated size 1114112, total allocated size = 16711680 max_allocate = 536870912
[Fri Mar  9 12:42:36 2018] cmem_alloc: virt=0xffff80000d59b000 bus=0xcf500000 size=0x110000
[Fri Mar  9 12:42:36 2018] AllocMemory - after allocating 1109760 bytes (effective 1114112) , total allocation is 17825792
[Fri Mar  9 12:42:36 2018] cmem_alloc: Allocated size 1114112, total allocated size = 18939904 max_allocate = 536870912
[Fri Mar  9 12:42:36 2018] cmem_alloc: virt=0xffff80000d6ac000 bus=0xcf700000 size=0x110000
[Fri Mar  9 12:42:36 2018] AllocMemory - after allocating 1109760 bytes (effective 1114112) , total allocation is 20054016
[Fri Mar  9 12:42:36 2018] cmem_alloc: Allocated size 16384, total allocated size = 20070400 max_allocate = 536870912
[Fri Mar  9 12:42:36 2018] cmem_alloc: virt=0xffff80000960f000 bus=0xcc188000 size=0x4000
[Fri Mar  9 12:42:36 2018] AllocMemory - after allocating 72 bytes (effective 16384) , total allocation is 20086784
[Fri Mar  9 12:42:36 2018] cmem_alloc: Allocated size 49152, total allocated size = 20135936 max_allocate = 536870912
[Fri Mar  9 12:42:36 2018] cmem_alloc: virt=0xffff80000c9dd000 bus=0xcc190000 size=0xc000
[Fri Mar  9 12:42:36 2018] AllocMemory - after allocating 36864 bytes (effective 49152) , total allocation is 20185088
[Fri Mar  9 12:42:36 2018] cmem_alloc: Allocated size 16384, total allocated size = 20201472 max_allocate = 536870912
[Fri Mar  9 12:42:36 2018] cmem_alloc: virt=0xffff800009617000 bus=0xcc18c000 size=0x4000
[Fri Mar  9 12:42:36 2018] AllocMemory - after allocating 16320 bytes (effective 16384) , total allocation is 20217856
[Fri Mar  9 12:42:36 2018] cmem_alloc: Allocated size 16384, total allocated size = 20234240 max_allocate = 536870912
[Fri Mar  9 12:42:36 2018] cmem_alloc: virt=0xffff80000961f000 bus=0xcc19c000 size=0x4000
[Fri Mar  9 12:42:36 2018] AllocMemory - after allocating 16320 bytes (effective 16384) , total allocation is 20250624
[Fri Mar  9 12:42:36 2018] cmem_alloc: Allocated size 32768, total allocated size = 20283392 max_allocate = 536870912
[Fri Mar  9 12:42:36 2018] cmem_alloc: virt=0xffff800009a3f000 bus=0xcc1a0000 size=0x8000
[Fri Mar  9 12:42:36 2018] AllocMemory - after allocating 21488 bytes (effective 32768) , total allocation is 20316160
[Fri Mar  9 12:42:36 2018] cmem_alloc: Allocated size 32768, total allocated size = 20348928 max_allocate = 536870912
[Fri Mar  9 12:42:36 2018] cmem_alloc: virt=0xffff800009a65000 bus=0xcc1a8000 size=0x8000
[Fri Mar  9 12:42:36 2018] AllocMemory - after allocating 21488 bytes (effective 32768) , total allocation is 20381696
[Fri Mar  9 12:42:36 2018] cmem_alloc: Allocated size 32768, total allocated size = 20414464 max_allocate = 536870912
[Fri Mar  9 12:42:36 2018] cmem_alloc: virt=0xffff800009a8d000 bus=0xcc1b0000 size=0x8000
[Fri Mar  9 12:42:36 2018] AllocMemory - after allocating 21488 bytes (effective 32768) , total allocation is 20447232
[Fri Mar  9 12:42:36 2018] cmem_alloc: Allocated size 16384, total allocated size = 20463616 max_allocate = 536870912
[Fri Mar  9 12:42:36 2018] cmem_alloc: virt=0xffff80000968f000 bus=0xcc1b8000 size=0x4000
[Fri Mar  9 12:42:36 2018] AllocMemory - after allocating 4080 bytes (effective 16384) , total allocation is 20480000
[Fri Mar  9 12:42:36 2018] cmem_alloc: Allocated size 16384, total allocated size = 20496384 max_allocate = 536870912
[Fri Mar  9 12:42:36 2018] cmem_alloc: virt=0xffff800009697000 bus=0xcc1bc000 size=0x4000
[Fri Mar  9 12:42:36 2018] AllocMemory - after allocating 4080 bytes (effective 16384) , total allocation is 20512768
[Fri Mar  9 12:42:36 2018] cmem_alloc: Allocated size 16384, total allocated size = 20529152 max_allocate = 536870912
[Fri Mar  9 12:42:36 2018] cmem_alloc: virt=0xffff8000096b7000 bus=0xcc1c0000 size=0x4000
[Fri Mar  9 12:42:36 2018] AllocMemory - after allocating 4080 bytes (effective 16384) , total allocation is 20545536
[Fri Mar  9 12:42:37 2018] imx678 0-001a: imx678: start_streaming successful (SDR #0 30fps)
[Fri Mar  9 12:42:48 2018] FreeMemory - freeing chunk addr ffff80000cf38000 of size 2228224 for proc 648
[Fri Mar  9 12:42:48 2018] cmem_free: released 2228224 bytes, total allocated size = 16089088 max_allocate = 536870912
[Fri Mar  9 12:42:48 2018] cmem_free: virt=0xffff80000cf38000 bus=0xcea00000 size=0x220000
[Fri Mar  9 12:42:48 2018] FreeMemory - freeing chunk addr ffff80000cb05000 of size 1114112 for proc 648
[Fri Mar  9 12:42:48 2018] cmem_free: released 1114112 bytes, total allocated size = 13860864 max_allocate = 536870912
[Fri Mar  9 12:42:48 2018] cmem_free: virt=0xffff80000cb05000 bus=0xcf300000 size=0x110000
[Fri Mar  9 12:42:48 2018] FreeMemory - freeing chunk addr ffff800009a3f000 of size 32768 for proc 648
[Fri Mar  9 12:42:48 2018] cmem_free: released 32768 bytes, total allocated size = 13795328 max_allocate = 536870912
[Fri Mar  9 12:42:48 2018] cmem_free: virt=0xffff800009a3f000 bus=0xcc1a0000 size=0x8000
[Fri Mar  9 12:42:48 2018] FreeMemory - freeing chunk addr ffff80000968f000 of size 16384 for proc 648
[Fri Mar  9 12:42:48 2018] cmem_free: released 16384 bytes, total allocated size = 13762560 max_allocate = 536870912
[Fri Mar  9 12:42:48 2018] cmem_free: virt=0xffff80000968f000 bus=0xcc1b8000 size=0x4000
[Fri Mar  9 12:42:48 2018] FreeMemory - freeing chunk addr ffff80000d159000 of size 2228224 for proc 648
[Fri Mar  9 12:42:48 2018] cmem_free: released 2228224 bytes, total allocated size = 9306112 max_allocate = 536870912
[Fri Mar  9 12:42:48 2018] cmem_free: virt=0xffff80000d159000 bus=0xced00000 size=0x220000
[Fri Mar  9 12:42:48 2018] FreeMemory - freeing chunk addr ffff80000d59b000 of size 1114112 for proc 648
[Fri Mar  9 12:42:48 2018] cmem_free: released 1114112 bytes, total allocated size = 7077888 max_allocate = 536870912
[Fri Mar  9 12:42:48 2018] cmem_free: virt=0xffff80000d59b000 bus=0xcf500000 size=0x110000
[Fri Mar  9 12:42:48 2018] FreeMemory - freeing chunk addr ffff800009a65000 of size 32768 for proc 648
[Fri Mar  9 12:42:48 2018] cmem_free: released 32768 bytes, total allocated size = 7012352 max_allocate = 536870912
[Fri Mar  9 12:42:48 2018] cmem_free: virt=0xffff800009a65000 bus=0xcc1a8000 size=0x8000
[Fri Mar  9 12:42:48 2018] FreeMemory - freeing chunk addr ffff800009697000 of size 16384 for proc 648
[Fri Mar  9 12:42:48 2018] cmem_free: released 16384 bytes, total allocated size = 6979584 max_allocate = 536870912
[Fri Mar  9 12:42:48 2018] cmem_free: virt=0xffff800009697000 bus=0xcc1bc000 size=0x4000
[Fri Mar  9 12:42:48 2018] FreeMemory - freeing chunk addr ffff80000d37a000 of size 2228224 for proc 648
[Fri Mar  9 12:42:48 2018] cmem_free: released 2228224 bytes, total allocated size = 2523136 max_allocate = 536870912
[Fri Mar  9 12:42:48 2018] cmem_free: virt=0xffff80000d37a000 bus=0xcf000000 size=0x220000
[Fri Mar  9 12:42:48 2018] FreeMemory - freeing chunk addr ffff80000d6ac000 of size 1114112 for proc 648
[Fri Mar  9 12:42:48 2018] cmem_free: released 1114112 bytes, total allocated size = 294912 max_allocate = 536870912
[Fri Mar  9 12:42:48 2018] cmem_free: virt=0xffff80000d6ac000 bus=0xcf700000 size=0x110000
[Fri Mar  9 12:42:48 2018] FreeMemory - freeing chunk addr ffff800009a8d000 of size 32768 for proc 648
[Fri Mar  9 12:42:48 2018] cmem_free: released 32768 bytes, total allocated size = 229376 max_allocate = 536870912
[Fri Mar  9 12:42:48 2018] cmem_free: virt=0xffff800009a8d000 bus=0xcc1b0000 size=0x8000
[Fri Mar  9 12:42:48 2018] FreeMemory - freeing chunk addr ffff8000096b7000 of size 16384 for proc 648
[Fri Mar  9 12:42:48 2018] cmem_free: released 16384 bytes, total allocated size = 196608 max_allocate = 536870912
[Fri Mar  9 12:42:48 2018] cmem_free: virt=0xffff8000096b7000 bus=0xcc1c0000 size=0x4000
[Fri Mar  9 12:42:48 2018] FreeMemory - freeing chunk addr ffff80000c9dd000 of size 49152 for proc 648
[Fri Mar  9 12:42:48 2018] cmem_free: released 49152 bytes, total allocated size = 98304 max_allocate = 536870912
[Fri Mar  9 12:42:48 2018] cmem_free: virt=0xffff80000c9dd000 bus=0xcc190000 size=0xc000
[Fri Mar  9 12:42:48 2018] FreeMemory - freeing chunk addr ffff80000960f000 of size 16384 for proc 648
[Fri Mar  9 12:42:48 2018] cmem_free: released 16384 bytes, total allocated size = 65536 max_allocate = 536870912
[Fri Mar  9 12:42:48 2018] cmem_free: virt=0xffff80000960f000 bus=0xcc188000 size=0x4000
[Fri Mar  9 12:42:48 2018] FreeMemory - freeing chunk addr ffff800009617000 of size 16384 for proc 648
[Fri Mar  9 12:42:48 2018] cmem_free: released 16384 bytes, total allocated size = 32768 max_allocate = 536870912
[Fri Mar  9 12:42:48 2018] cmem_free: virt=0xffff800009617000 bus=0xcc18c000 size=0x4000
[Fri Mar  9 12:42:48 2018] FreeMemory - freeing chunk addr ffff80000961f000 of size 16384 for proc 648
[Fri Mar  9 12:42:48 2018] cmem_free: released 16384 bytes, total allocated size = 0 max_allocate = 536870912
[Fri Mar  9 12:42:48 2018] cmem_free: virt=0xffff80000961f000 bus=0xcc19c000 size=0x4000
[Fri Mar  9 12:42:52 2018] cmem_alloc: Allocated size 2228224, total allocated size = 2228224 max_allocate = 536870912
[Fri Mar  9 12:42:52 2018] cmem_alloc: virt=0xffff80000cf38000 bus=0xcea00000 size=0x220000
[Fri Mar  9 12:42:52 2018] AllocMemory - after allocating 2219520 bytes (effective 2228224) , total allocation is 4456448
[Fri Mar  9 12:42:52 2018] cmem_alloc: Allocated size 2228224, total allocated size = 6684672 max_allocate = 536870912
[Fri Mar  9 12:42:52 2018] cmem_alloc: virt=0xffff80000d159000 bus=0xced00000 size=0x220000
[Fri Mar  9 12:42:52 2018] AllocMemory - after allocating 2219520 bytes (effective 2228224) , total allocation is 8912896
[Fri Mar  9 12:42:52 2018] cmem_alloc: Allocated size 2228224, total allocated size = 11141120 max_allocate = 536870912
[Fri Mar  9 12:42:52 2018] cmem_alloc: virt=0xffff80000d37a000 bus=0xcf000000 size=0x220000
[Fri Mar  9 12:42:52 2018] AllocMemory - after allocating 2219520 bytes (effective 2228224) , total allocation is 13369344
[Fri Mar  9 12:42:52 2018] cmem_alloc: Allocated size 1114112, total allocated size = 14483456 max_allocate = 536870912
[Fri Mar  9 12:42:52 2018] cmem_alloc: virt=0xffff80000cb05000 bus=0xcf300000 size=0x110000
[Fri Mar  9 12:42:52 2018] AllocMemory - after allocating 1109760 bytes (effective 1114112) , total allocation is 15597568
[Fri Mar  9 12:42:52 2018] cmem_alloc: Allocated size 1114112, total allocated size = 16711680 max_allocate = 536870912
[Fri Mar  9 12:42:52 2018] cmem_alloc: virt=0xffff80000d59b000 bus=0xcf500000 size=0x110000
[Fri Mar  9 12:42:52 2018] AllocMemory - after allocating 1109760 bytes (effective 1114112) , total allocation is 17825792
[Fri Mar  9 12:42:52 2018] cmem_alloc: Allocated size 1114112, total allocated size = 18939904 max_allocate = 536870912
[Fri Mar  9 12:42:52 2018] cmem_alloc: virt=0xffff80000d6ac000 bus=0xcf700000 size=0x110000
[Fri Mar  9 12:42:52 2018] AllocMemory - after allocating 1109760 bytes (effective 1114112) , total allocation is 20054016
[Fri Mar  9 12:42:52 2018] cmem_alloc: Allocated size 16384, total allocated size = 20070400 max_allocate = 536870912
[Fri Mar  9 12:42:52 2018] cmem_alloc: virt=0xffff80000960f000 bus=0xcc188000 size=0x4000
[Fri Mar  9 12:42:52 2018] AllocMemory - after allocating 72 bytes (effective 16384) , total allocation is 20086784
[Fri Mar  9 12:42:52 2018] cmem_alloc: Allocated size 49152, total allocated size = 20135936 max_allocate = 536870912
[Fri Mar  9 12:42:52 2018] cmem_alloc: virt=0xffff80000ca2d000 bus=0xcc190000 size=0xc000
[Fri Mar  9 12:42:52 2018] AllocMemory - after allocating 36864 bytes (effective 49152) , total allocation is 20185088
[Fri Mar  9 12:42:52 2018] cmem_alloc: Allocated size 16384, total allocated size = 20201472 max_allocate = 536870912
[Fri Mar  9 12:42:52 2018] cmem_alloc: virt=0xffff800009617000 bus=0xcc18c000 size=0x4000
[Fri Mar  9 12:42:52 2018] AllocMemory - after allocating 16320 bytes (effective 16384) , total allocation is 20217856
[Fri Mar  9 12:42:52 2018] cmem_alloc: Allocated size 16384, total allocated size = 20234240 max_allocate = 536870912
[Fri Mar  9 12:42:52 2018] cmem_alloc: virt=0xffff80000961f000 bus=0xcc19c000 size=0x4000
[Fri Mar  9 12:42:52 2018] AllocMemory - after allocating 16320 bytes (effective 16384) , total allocation is 20250624
[Fri Mar  9 12:42:52 2018] cmem_alloc: Allocated size 32768, total allocated size = 20283392 max_allocate = 536870912
[Fri Mar  9 12:42:52 2018] cmem_alloc: virt=0xffff800009a3f000 bus=0xcc1a0000 size=0x8000
[Fri Mar  9 12:42:52 2018] AllocMemory - after allocating 21488 bytes (effective 32768) , total allocation is 20316160
[Fri Mar  9 12:42:52 2018] cmem_alloc: Allocated size 32768, total allocated size = 20348928 max_allocate = 536870912
[Fri Mar  9 12:42:52 2018] cmem_alloc: virt=0xffff800009a65000 bus=0xcc1a8000 size=0x8000
[Fri Mar  9 12:42:52 2018] AllocMemory - after allocating 21488 bytes (effective 32768) , total allocation is 20381696
[Fri Mar  9 12:42:52 2018] cmem_alloc: Allocated size 32768, total allocated size = 20414464 max_allocate = 536870912
[Fri Mar  9 12:42:52 2018] cmem_alloc: virt=0xffff800009a8d000 bus=0xcc1b0000 size=0x8000
[Fri Mar  9 12:42:52 2018] AllocMemory - after allocating 21488 bytes (effective 32768) , total allocation is 20447232
[Fri Mar  9 12:42:52 2018] cmem_alloc: Allocated size 16384, total allocated size = 20463616 max_allocate = 536870912
[Fri Mar  9 12:42:52 2018] cmem_alloc: virt=0xffff80000968f000 bus=0xcc1b8000 size=0x4000
[Fri Mar  9 12:42:52 2018] AllocMemory - after allocating 4080 bytes (effective 16384) , total allocation is 20480000
[Fri Mar  9 12:42:52 2018] cmem_alloc: Allocated size 16384, total allocated size = 20496384 max_allocate = 536870912
[Fri Mar  9 12:42:52 2018] cmem_alloc: virt=0xffff800009697000 bus=0xcc1bc000 size=0x4000
[Fri Mar  9 12:42:52 2018] AllocMemory - after allocating 4080 bytes (effective 16384) , total allocation is 20512768
[Fri Mar  9 12:42:52 2018] cmem_alloc: Allocated size 16384, total allocated size = 20529152 max_allocate = 536870912
[Fri Mar  9 12:42:52 2018] cmem_alloc: virt=0xffff8000096b7000 bus=0xcc1c0000 size=0x4000
[Fri Mar  9 12:42:52 2018] AllocMemory - after allocating 4080 bytes (effective 16384) , total allocation is 20545536
[Fri Mar  9 12:42:53 2018] imx678 0-001a: imx678: start_streaming successful (SDR #0 30fps)
[Fri Mar  9 12:43:04 2018] FreeMemory - freeing chunk addr ffff80000cf38000 of size 2228224 for proc 648
[Fri Mar  9 12:43:04 2018] cmem_free: released 2228224 bytes, total allocated size = 16089088 max_allocate = 536870912
[Fri Mar  9 12:43:04 2018] cmem_free: virt=0xffff80000cf38000 bus=0xcea00000 size=0x220000
[Fri Mar  9 12:43:04 2018] FreeMemory - freeing chunk addr ffff80000cb05000 of size 1114112 for proc 648
[Fri Mar  9 12:43:04 2018] cmem_free: released 1114112 bytes, total allocated size = 13860864 max_allocate = 536870912
[Fri Mar  9 12:43:04 2018] cmem_free: virt=0xffff80000cb05000 bus=0xcf300000 size=0x110000
[Fri Mar  9 12:43:04 2018] FreeMemory - freeing chunk addr ffff800009a3f000 of size 32768 for proc 648
[Fri Mar  9 12:43:04 2018] cmem_free: released 32768 bytes, total allocated size = 13795328 max_allocate = 536870912
[Fri Mar  9 12:43:04 2018] cmem_free: virt=0xffff800009a3f000 bus=0xcc1a0000 size=0x8000
[Fri Mar  9 12:43:04 2018] FreeMemory - freeing chunk addr ffff80000968f000 of size 16384 for proc 648
[Fri Mar  9 12:43:04 2018] cmem_free: released 16384 bytes, total allocated size = 13762560 max_allocate = 536870912
[Fri Mar  9 12:43:04 2018] cmem_free: virt=0xffff80000968f000 bus=0xcc1b8000 size=0x4000
[Fri Mar  9 12:43:04 2018] FreeMemory - freeing chunk addr ffff80000d159000 of size 2228224 for proc 648
[Fri Mar  9 12:43:04 2018] cmem_free: released 2228224 bytes, total allocated size = 9306112 max_allocate = 536870912
[Fri Mar  9 12:43:04 2018] cmem_free: virt=0xffff80000d159000 bus=0xced00000 size=0x220000
[Fri Mar  9 12:43:04 2018] FreeMemory - freeing chunk addr ffff80000d59b000 of size 1114112 for proc 648
[Fri Mar  9 12:43:04 2018] cmem_free: released 1114112 bytes, total allocated size = 7077888 max_allocate = 536870912
[Fri Mar  9 12:43:04 2018] cmem_free: virt=0xffff80000d59b000 bus=0xcf500000 size=0x110000
[Fri Mar  9 12:43:04 2018] FreeMemory - freeing chunk addr ffff800009a65000 of size 32768 for proc 648
[Fri Mar  9 12:43:04 2018] cmem_free: released 32768 bytes, total allocated size = 7012352 max_allocate = 536870912
[Fri Mar  9 12:43:04 2018] cmem_free: virt=0xffff800009a65000 bus=0xcc1a8000 size=0x8000
[Fri Mar  9 12:43:04 2018] FreeMemory - freeing chunk addr ffff800009697000 of size 16384 for proc 648
[Fri Mar  9 12:43:04 2018] cmem_free: released 16384 bytes, total allocated size = 6979584 max_allocate = 536870912
[Fri Mar  9 12:43:04 2018] cmem_free: virt=0xffff800009697000 bus=0xcc1bc000 size=0x4000
[Fri Mar  9 12:43:04 2018] FreeMemory - freeing chunk addr ffff80000d37a000 of size 2228224 for proc 648
[Fri Mar  9 12:43:04 2018] cmem_free: released 2228224 bytes, total allocated size = 2523136 max_allocate = 536870912
[Fri Mar  9 12:43:04 2018] cmem_free: virt=0xffff80000d37a000 bus=0xcf000000 size=0x220000
[Fri Mar  9 12:43:04 2018] FreeMemory - freeing chunk addr ffff80000d6ac000 of size 1114112 for proc 648
[Fri Mar  9 12:43:04 2018] cmem_free: released 1114112 bytes, total allocated size = 294912 max_allocate = 536870912
[Fri Mar  9 12:43:04 2018] cmem_free: virt=0xffff80000d6ac000 bus=0xcf700000 size=0x110000
[Fri Mar  9 12:43:04 2018] FreeMemory - freeing chunk addr ffff800009a8d000 of size 32768 for proc 648
[Fri Mar  9 12:43:04 2018] cmem_free: released 32768 bytes, total allocated size = 229376 max_allocate = 536870912
[Fri Mar  9 12:43:04 2018] cmem_free: virt=0xffff800009a8d000 bus=0xcc1b0000 size=0x8000
[Fri Mar  9 12:43:04 2018] FreeMemory - freeing chunk addr ffff8000096b7000 of size 16384 for proc 648
[Fri Mar  9 12:43:04 2018] cmem_free: released 16384 bytes, total allocated size = 196608 max_allocate = 536870912
[Fri Mar  9 12:43:04 2018] cmem_free: virt=0xffff8000096b7000 bus=0xcc1c0000 size=0x4000
[Fri Mar  9 12:43:04 2018] FreeMemory - freeing chunk addr ffff80000ca2d000 of size 49152 for proc 648
[Fri Mar  9 12:43:04 2018] cmem_free: released 49152 bytes, total allocated size = 98304 max_allocate = 536870912
[Fri Mar  9 12:43:04 2018] cmem_free: virt=0xffff80000ca2d000 bus=0xcc190000 size=0xc000
[Fri Mar  9 12:43:04 2018] FreeMemory - freeing chunk addr ffff80000960f000 of size 16384 for proc 648
[Fri Mar  9 12:43:04 2018] cmem_free: released 16384 bytes, total allocated size = 65536 max_allocate = 536870912
[Fri Mar  9 12:43:04 2018] cmem_free: virt=0xffff80000960f000 bus=0xcc188000 size=0x4000
[Fri Mar  9 12:43:04 2018] FreeMemory - freeing chunk addr ffff800009617000 of size 16384 for proc 648
[Fri Mar  9 12:43:04 2018] cmem_free: released 16384 bytes, total allocated size = 32768 max_allocate = 536870912
[Fri Mar  9 12:43:04 2018] cmem_free: virt=0xffff800009617000 bus=0xcc18c000 size=0x4000
[Fri Mar  9 12:43:04 2018] FreeMemory - freeing chunk addr ffff80000961f000 of size 16384 for proc 648
[Fri Mar  9 12:43:04 2018] cmem_free: released 16384 bytes, total allocated size = 0 max_allocate = 536870912
[Fri Mar  9 12:43:04 2018] cmem_free: virt=0xffff80000961f000 bus=0xcc19c000 size=0x4000
[Fri Mar  9 12:43:08 2018] cmem_alloc: Allocated size 2228224, total allocated size = 2228224 max_allocate = 536870912
[Fri Mar  9 12:43:08 2018] cmem_alloc: virt=0xffff80000cf38000 bus=0xcea00000 size=0x220000
[Fri Mar  9 12:43:08 2018] AllocMemory - after allocating 2219520 bytes (effective 2228224) , total allocation is 4456448
[Fri Mar  9 12:43:08 2018] cmem_alloc: Allocated size 2228224, total allocated size = 6684672 max_allocate = 536870912
[Fri Mar  9 12:43:08 2018] cmem_alloc: virt=0xffff80000d159000 bus=0xced00000 size=0x220000
[Fri Mar  9 12:43:08 2018] AllocMemory - after allocating 2219520 bytes (effective 2228224) , total allocation is 8912896
[Fri Mar  9 12:43:08 2018] cmem_alloc: Allocated size 2228224, total allocated size = 11141120 max_allocate = 536870912
[Fri Mar  9 12:43:08 2018] cmem_alloc: virt=0xffff80000d37a000 bus=0xcf000000 size=0x220000
[Fri Mar  9 12:43:08 2018] AllocMemory - after allocating 2219520 bytes (effective 2228224) , total allocation is 13369344
[Fri Mar  9 12:43:08 2018] cmem_alloc: Allocated size 1114112, total allocated size = 14483456 max_allocate = 536870912
[Fri Mar  9 12:43:08 2018] cmem_alloc: virt=0xffff80000cb05000 bus=0xcf300000 size=0x110000
[Fri Mar  9 12:43:08 2018] AllocMemory - after allocating 1109760 bytes (effective 1114112) , total allocation is 15597568
[Fri Mar  9 12:43:08 2018] cmem_alloc: Allocated size 1114112, total allocated size = 16711680 max_allocate = 536870912
[Fri Mar  9 12:43:08 2018] cmem_alloc: virt=0xffff80000d59b000 bus=0xcf500000 size=0x110000
[Fri Mar  9 12:43:08 2018] AllocMemory - after allocating 1109760 bytes (effective 1114112) , total allocation is 17825792
[Fri Mar  9 12:43:08 2018] cmem_alloc: Allocated size 1114112, total allocated size = 18939904 max_allocate = 536870912
[Fri Mar  9 12:43:08 2018] cmem_alloc: virt=0xffff80000d6ac000 bus=0xcf700000 size=0x110000
[Fri Mar  9 12:43:08 2018] AllocMemory - after allocating 1109760 bytes (effective 1114112) , total allocation is 20054016
[Fri Mar  9 12:43:08 2018] cmem_alloc: Allocated size 16384, total allocated size = 20070400 max_allocate = 536870912
[Fri Mar  9 12:43:08 2018] cmem_alloc: virt=0xffff80000960f000 bus=0xcc188000 size=0x4000
[Fri Mar  9 12:43:08 2018] AllocMemory - after allocating 72 bytes (effective 16384) , total allocation is 20086784
[Fri Mar  9 12:43:08 2018] cmem_alloc: Allocated size 49152, total allocated size = 20135936 max_allocate = 536870912
[Fri Mar  9 12:43:08 2018] cmem_alloc: virt=0xffff80000ca0d000 bus=0xcc190000 size=0xc000
[Fri Mar  9 12:43:08 2018] AllocMemory - after allocating 36864 bytes (effective 49152) , total allocation is 20185088
[Fri Mar  9 12:43:08 2018] cmem_alloc: Allocated size 16384, total allocated size = 20201472 max_allocate = 536870912
[Fri Mar  9 12:43:08 2018] cmem_alloc: virt=0xffff800009617000 bus=0xcc18c000 size=0x4000
[Fri Mar  9 12:43:08 2018] AllocMemory - after allocating 16320 bytes (effective 16384) , total allocation is 20217856
[Fri Mar  9 12:43:08 2018] cmem_alloc: Allocated size 16384, total allocated size = 20234240 max_allocate = 536870912
[Fri Mar  9 12:43:08 2018] cmem_alloc: virt=0xffff80000961f000 bus=0xcc19c000 size=0x4000
[Fri Mar  9 12:43:08 2018] AllocMemory - after allocating 16320 bytes (effective 16384) , total allocation is 20250624
[Fri Mar  9 12:43:08 2018] cmem_alloc: Allocated size 32768, total allocated size = 20283392 max_allocate = 536870912
[Fri Mar  9 12:43:08 2018] cmem_alloc: virt=0xffff800009a3f000 bus=0xcc1a0000 size=0x8000
[Fri Mar  9 12:43:08 2018] AllocMemory - after allocating 21488 bytes (effective 32768) , total allocation is 20316160
[Fri Mar  9 12:43:08 2018] cmem_alloc: Allocated size 32768, total allocated size = 20348928 max_allocate = 536870912
[Fri Mar  9 12:43:08 2018] cmem_alloc: virt=0xffff800009a65000 bus=0xcc1a8000 size=0x8000
[Fri Mar  9 12:43:08 2018] AllocMemory - after allocating 21488 bytes (effective 32768) , total allocation is 20381696
[Fri Mar  9 12:43:08 2018] cmem_alloc: Allocated size 32768, total allocated size = 20414464 max_allocate = 536870912
[Fri Mar  9 12:43:08 2018] cmem_alloc: virt=0xffff800009a8d000 bus=0xcc1b0000 size=0x8000
[Fri Mar  9 12:43:08 2018] AllocMemory - after allocating 21488 bytes (effective 32768) , total allocation is 20447232
[Fri Mar  9 12:43:08 2018] cmem_alloc: Allocated size 16384, total allocated size = 20463616 max_allocate = 536870912
[Fri Mar  9 12:43:08 2018] cmem_alloc: virt=0xffff80000968f000 bus=0xcc1b8000 size=0x4000
[Fri Mar  9 12:43:08 2018] AllocMemory - after allocating 4080 bytes (effective 16384) , total allocation is 20480000
[Fri Mar  9 12:43:08 2018] cmem_alloc: Allocated size 16384, total allocated size = 20496384 max_allocate = 536870912
[Fri Mar  9 12:43:08 2018] cmem_alloc: virt=0xffff800009697000 bus=0xcc1bc000 size=0x4000
[Fri Mar  9 12:43:08 2018] AllocMemory - after allocating 4080 bytes (effective 16384) , total allocation is 20512768
[Fri Mar  9 12:43:08 2018] cmem_alloc: Allocated size 16384, total allocated size = 20529152 max_allocate = 536870912
[Fri Mar  9 12:43:08 2018] cmem_alloc: virt=0xffff8000096b7000 bus=0xcc1c0000 size=0x4000
[Fri Mar  9 12:43:08 2018] AllocMemory - after allocating 4080 bytes (effective 16384) , total allocation is 20545536
[Fri Mar  9 12:43:09 2018] imx678 0-001a: imx678: start_streaming successful (SDR #0 30fps)
[Fri Mar  9 12:43:20 2018] FreeMemory - freeing chunk addr ffff80000cf38000 of size 2228224 for proc 648
[Fri Mar  9 12:43:20 2018] cmem_free: released 2228224 bytes, total allocated size = 16089088 max_allocate = 536870912
[Fri Mar  9 12:43:20 2018] cmem_free: virt=0xffff80000cf38000 bus=0xcea00000 size=0x220000
[Fri Mar  9 12:43:20 2018] FreeMemory - freeing chunk addr ffff80000cb05000 of size 1114112 for proc 648
[Fri Mar  9 12:43:20 2018] cmem_free: released 1114112 bytes, total allocated size = 13860864 max_allocate = 536870912
[Fri Mar  9 12:43:20 2018] cmem_free: virt=0xffff80000cb05000 bus=0xcf300000 size=0x110000
[Fri Mar  9 12:43:20 2018] FreeMemory - freeing chunk addr ffff800009a3f000 of size 32768 for proc 648
[Fri Mar  9 12:43:20 2018] cmem_free: released 32768 bytes, total allocated size = 13795328 max_allocate = 536870912
[Fri Mar  9 12:43:20 2018] cmem_free: virt=0xffff800009a3f000 bus=0xcc1a0000 size=0x8000
[Fri Mar  9 12:43:20 2018] FreeMemory - freeing chunk addr ffff80000968f000 of size 16384 for proc 648
[Fri Mar  9 12:43:20 2018] cmem_free: released 16384 bytes, total allocated size = 13762560 max_allocate = 536870912
[Fri Mar  9 12:43:20 2018] cmem_free: virt=0xffff80000968f000 bus=0xcc1b8000 size=0x4000
[Fri Mar  9 12:43:20 2018] FreeMemory - freeing chunk addr ffff80000d159000 of size 2228224 for proc 648
[Fri Mar  9 12:43:20 2018] cmem_free: released 2228224 bytes, total allocated size = 9306112 max_allocate = 536870912
[Fri Mar  9 12:43:20 2018] cmem_free: virt=0xffff80000d159000 bus=0xced00000 size=0x220000
[Fri Mar  9 12:43:20 2018] FreeMemory - freeing chunk addr ffff80000d59b000 of size 1114112 for proc 648
[Fri Mar  9 12:43:20 2018] cmem_free: released 1114112 bytes, total allocated size = 7077888 max_allocate = 536870912
[Fri Mar  9 12:43:20 2018] cmem_free: virt=0xffff80000d59b000 bus=0xcf500000 size=0x110000
[Fri Mar  9 12:43:20 2018] FreeMemory - freeing chunk addr ffff800009a65000 of size 32768 for proc 648
[Fri Mar  9 12:43:20 2018] cmem_free: released 32768 bytes, total allocated size = 7012352 max_allocate = 536870912
[Fri Mar  9 12:43:20 2018] cmem_free: virt=0xffff800009a65000 bus=0xcc1a8000 size=0x8000
[Fri Mar  9 12:43:20 2018] FreeMemory - freeing chunk addr ffff800009697000 of size 16384 for proc 648
[Fri Mar  9 12:43:20 2018] cmem_free: released 16384 bytes, total allocated size = 6979584 max_allocate = 536870912
[Fri Mar  9 12:43:20 2018] cmem_free: virt=0xffff800009697000 bus=0xcc1bc000 size=0x4000
[Fri Mar  9 12:43:20 2018] FreeMemory - freeing chunk addr ffff80000d37a000 of size 2228224 for proc 648
[Fri Mar  9 12:43:20 2018] cmem_free: released 2228224 bytes, total allocated size = 2523136 max_allocate = 536870912
[Fri Mar  9 12:43:20 2018] cmem_free: virt=0xffff80000d37a000 bus=0xcf000000 size=0x220000
[Fri Mar  9 12:43:20 2018] FreeMemory - freeing chunk addr ffff80000d6ac000 of size 1114112 for proc 648
[Fri Mar  9 12:43:20 2018] cmem_free: released 1114112 bytes, total allocated size = 294912 max_allocate = 536870912
[Fri Mar  9 12:43:20 2018] cmem_free: virt=0xffff80000d6ac000 bus=0xcf700000 size=0x110000
[Fri Mar  9 12:43:20 2018] FreeMemory - freeing chunk addr ffff800009a8d000 of size 32768 for proc 648
[Fri Mar  9 12:43:20 2018] cmem_free: released 32768 bytes, total allocated size = 229376 max_allocate = 536870912
[Fri Mar  9 12:43:20 2018] cmem_free: virt=0xffff800009a8d000 bus=0xcc1b0000 size=0x8000
[Fri Mar  9 12:43:20 2018] FreeMemory - freeing chunk addr ffff8000096b7000 of size 16384 for proc 648
[Fri Mar  9 12:43:20 2018] cmem_free: released 16384 bytes, total allocated size = 196608 max_allocate = 536870912
[Fri Mar  9 12:43:20 2018] cmem_free: virt=0xffff8000096b7000 bus=0xcc1c0000 size=0x4000
[Fri Mar  9 12:43:20 2018] FreeMemory - freeing chunk addr ffff80000ca0d000 of size 49152 for proc 648
[Fri Mar  9 12:43:20 2018] cmem_free: released 49152 bytes, total allocated size = 98304 max_allocate = 536870912
[Fri Mar  9 12:43:20 2018] cmem_free: virt=0xffff80000ca0d000 bus=0xcc190000 size=0xc000
[Fri Mar  9 12:43:20 2018] FreeMemory - freeing chunk addr ffff80000960f000 of size 16384 for proc 648
[Fri Mar  9 12:43:20 2018] cmem_free: released 16384 bytes, total allocated size = 65536 max_allocate = 536870912
[Fri Mar  9 12:43:20 2018] cmem_free: virt=0xffff80000960f000 bus=0xcc188000 size=0x4000
[Fri Mar  9 12:43:20 2018] FreeMemory - freeing chunk addr ffff800009617000 of size 16384 for proc 648
[Fri Mar  9 12:43:20 2018] cmem_free: released 16384 bytes, total allocated size = 32768 max_allocate = 536870912
[Fri Mar  9 12:43:20 2018] cmem_free: virt=0xffff800009617000 bus=0xcc18c000 size=0x4000
[Fri Mar  9 12:43:20 2018] FreeMemory - freeing chunk addr ffff80000961f000 of size 16384 for proc 648
[Fri Mar  9 12:43:20 2018] cmem_free: released 16384 bytes, total allocated size = 0 max_allocate = 536870912
[Fri Mar  9 12:43:20 2018] cmem_free: virt=0xffff80000961f000 bus=0xcc19c000 size=0x4000
[Fri Mar  9 12:43:24 2018] cmem_alloc: Allocated size 2228224, total allocated size = 2228224 max_allocate = 536870912
[Fri Mar  9 12:43:24 2018] cmem_alloc: virt=0xffff80000cf38000 bus=0xcea00000 size=0x220000
[Fri Mar  9 12:43:24 2018] AllocMemory - after allocating 2219520 bytes (effective 2228224) , total allocation is 4456448
[Fri Mar  9 12:43:24 2018] cmem_alloc: Allocated size 2228224, total allocated size = 6684672 max_allocate = 536870912
[Fri Mar  9 12:43:24 2018] cmem_alloc: virt=0xffff80000d159000 bus=0xced00000 size=0x220000
[Fri Mar  9 12:43:24 2018] AllocMemory - after allocating 2219520 bytes (effective 2228224) , total allocation is 8912896
[Fri Mar  9 12:43:24 2018] cmem_alloc: Allocated size 2228224, total allocated size = 11141120 max_allocate = 536870912
[Fri Mar  9 12:43:24 2018] cmem_alloc: virt=0xffff80000d37a000 bus=0xcf000000 size=0x220000
[Fri Mar  9 12:43:24 2018] AllocMemory - after allocating 2219520 bytes (effective 2228224) , total allocation is 13369344
[Fri Mar  9 12:43:24 2018] cmem_alloc: Allocated size 1114112, total allocated size = 14483456 max_allocate = 536870912
[Fri Mar  9 12:43:24 2018] cmem_alloc: virt=0xffff80000cb05000 bus=0xcf300000 size=0x110000
[Fri Mar  9 12:43:24 2018] AllocMemory - after allocating 1109760 bytes (effective 1114112) , total allocation is 15597568
[Fri Mar  9 12:43:24 2018] cmem_alloc: Allocated size 1114112, total allocated size = 16711680 max_allocate = 536870912
[Fri Mar  9 12:43:24 2018] cmem_alloc: virt=0xffff80000d59b000 bus=0xcf500000 size=0x110000
[Fri Mar  9 12:43:24 2018] AllocMemory - after allocating 1109760 bytes (effective 1114112) , total allocation is 17825792
[Fri Mar  9 12:43:24 2018] cmem_alloc: Allocated size 1114112, total allocated size = 18939904 max_allocate = 536870912
[Fri Mar  9 12:43:24 2018] cmem_alloc: virt=0xffff80000d6ac000 bus=0xcf700000 size=0x110000
[Fri Mar  9 12:43:24 2018] AllocMemory - after allocating 1109760 bytes (effective 1114112) , total allocation is 20054016
[Fri Mar  9 12:43:24 2018] cmem_alloc: Allocated size 16384, total allocated size = 20070400 max_allocate = 536870912
[Fri Mar  9 12:43:24 2018] cmem_alloc: virt=0xffff80000960f000 bus=0xcc188000 size=0x4000
[Fri Mar  9 12:43:24 2018] AllocMemory - after allocating 72 bytes (effective 16384) , total allocation is 20086784
[Fri Mar  9 12:43:24 2018] cmem_alloc: Allocated size 49152, total allocated size = 20135936 max_allocate = 536870912
[Fri Mar  9 12:43:24 2018] cmem_alloc: virt=0xffff80000ca05000 bus=0xcc190000 size=0xc000
[Fri Mar  9 12:43:24 2018] AllocMemory - after allocating 36864 bytes (effective 49152) , total allocation is 20185088
[Fri Mar  9 12:43:24 2018] cmem_alloc: Allocated size 16384, total allocated size = 20201472 max_allocate = 536870912
[Fri Mar  9 12:43:24 2018] cmem_alloc: virt=0xffff800009617000 bus=0xcc18c000 size=0x4000
[Fri Mar  9 12:43:24 2018] AllocMemory - after allocating 16320 bytes (effective 16384) , total allocation is 20217856
[Fri Mar  9 12:43:24 2018] cmem_alloc: Allocated size 16384, total allocated size = 20234240 max_allocate = 536870912
[Fri Mar  9 12:43:24 2018] cmem_alloc: virt=0xffff80000961f000 bus=0xcc19c000 size=0x4000
[Fri Mar  9 12:43:24 2018] AllocMemory - after allocating 16320 bytes (effective 16384) , total allocation is 20250624
[Fri Mar  9 12:43:24 2018] cmem_alloc: Allocated size 32768, total allocated size = 20283392 max_allocate = 536870912
[Fri Mar  9 12:43:24 2018] cmem_alloc: virt=0xffff800009a3f000 bus=0xcc1a0000 size=0x8000
[Fri Mar  9 12:43:24 2018] AllocMemory - after allocating 21488 bytes (effective 32768) , total allocation is 20316160
[Fri Mar  9 12:43:24 2018] cmem_alloc: Allocated size 32768, total allocated size = 20348928 max_allocate = 536870912
[Fri Mar  9 12:43:24 2018] cmem_alloc: virt=0xffff800009a65000 bus=0xcc1a8000 size=0x8000
[Fri Mar  9 12:43:24 2018] AllocMemory - after allocating 21488 bytes (effective 32768) , total allocation is 20381696
[Fri Mar  9 12:43:24 2018] cmem_alloc: Allocated size 32768, total allocated size = 20414464 max_allocate = 536870912
[Fri Mar  9 12:43:24 2018] cmem_alloc: virt=0xffff800009a8d000 bus=0xcc1b0000 size=0x8000
[Fri Mar  9 12:43:24 2018] AllocMemory - after allocating 21488 bytes (effective 32768) , total allocation is 20447232
[Fri Mar  9 12:43:24 2018] cmem_alloc: Allocated size 16384, total allocated size = 20463616 max_allocate = 536870912
[Fri Mar  9 12:43:24 2018] cmem_alloc: virt=0xffff80000968f000 bus=0xcc1b8000 size=0x4000
[Fri Mar  9 12:43:24 2018] AllocMemory - after allocating 4080 bytes (effective 16384) , total allocation is 20480000
[Fri Mar  9 12:43:24 2018] cmem_alloc: Allocated size 16384, total allocated size = 20496384 max_allocate = 536870912
[Fri Mar  9 12:43:24 2018] cmem_alloc: virt=0xffff800009697000 bus=0xcc1bc000 size=0x4000
[Fri Mar  9 12:43:24 2018] AllocMemory - after allocating 4080 bytes (effective 16384) , total allocation is 20512768
[Fri Mar  9 12:43:24 2018] cmem_alloc: Allocated size 16384, total allocated size = 20529152 max_allocate = 536870912
[Fri Mar  9 12:43:24 2018] cmem_alloc: virt=0xffff8000096b7000 bus=0xcc1c0000 size=0x4000
[Fri Mar  9 12:43:24 2018] AllocMemory - after allocating 4080 bytes (effective 16384) , total allocation is 20545536
[Fri Mar  9 12:43:25 2018] imx678 0-001a: imx678: start_streaming successful (SDR #0 30fps)
[Fri Mar  9 12:43:36 2018] FreeMemory - freeing chunk addr ffff80000cf38000 of size 2228224 for proc 648
[Fri Mar  9 12:43:36 2018] cmem_free: released 2228224 bytes, total allocated size = 16089088 max_allocate = 536870912
[Fri Mar  9 12:43:36 2018] cmem_free: virt=0xffff80000cf38000 bus=0xcea00000 size=0x220000
[Fri Mar  9 12:43:36 2018] FreeMemory - freeing chunk addr ffff80000cb05000 of size 1114112 for proc 648
[Fri Mar  9 12:43:36 2018] cmem_free: released 1114112 bytes, total allocated size = 13860864 max_allocate = 536870912
[Fri Mar  9 12:43:36 2018] cmem_free: virt=0xffff80000cb05000 bus=0xcf300000 size=0x110000
[Fri Mar  9 12:43:36 2018] FreeMemory - freeing chunk addr ffff800009a3f000 of size 32768 for proc 648
[Fri Mar  9 12:43:36 2018] cmem_free: released 32768 bytes, total allocated size = 13795328 max_allocate = 536870912
[Fri Mar  9 12:43:36 2018] cmem_free: virt=0xffff800009a3f000 bus=0xcc1a0000 size=0x8000
[Fri Mar  9 12:43:36 2018] FreeMemory - freeing chunk addr ffff80000968f000 of size 16384 for proc 648
[Fri Mar  9 12:43:36 2018] cmem_free: released 16384 bytes, total allocated size = 13762560 max_allocate = 536870912
[Fri Mar  9 12:43:36 2018] cmem_free: virt=0xffff80000968f000 bus=0xcc1b8000 size=0x4000
[Fri Mar  9 12:43:36 2018] FreeMemory - freeing chunk addr ffff80000d159000 of size 2228224 for proc 648
[Fri Mar  9 12:43:36 2018] cmem_free: released 2228224 bytes, total allocated size = 9306112 max_allocate = 536870912
[Fri Mar  9 12:43:36 2018] cmem_free: virt=0xffff80000d159000 bus=0xced00000 size=0x220000
[Fri Mar  9 12:43:36 2018] FreeMemory - freeing chunk addr ffff80000d59b000 of size 1114112 for proc 648
[Fri Mar  9 12:43:36 2018] cmem_free: released 1114112 bytes, total allocated size = 7077888 max_allocate = 536870912
[Fri Mar  9 12:43:36 2018] cmem_free: virt=0xffff80000d59b000 bus=0xcf500000 size=0x110000
[Fri Mar  9 12:43:36 2018] FreeMemory - freeing chunk addr ffff800009a65000 of size 32768 for proc 648
[Fri Mar  9 12:43:36 2018] cmem_free: released 32768 bytes, total allocated size = 7012352 max_allocate = 536870912
[Fri Mar  9 12:43:36 2018] cmem_free: virt=0xffff800009a65000 bus=0xcc1a8000 size=0x8000
[Fri Mar  9 12:43:36 2018] FreeMemory - freeing chunk addr ffff800009697000 of size 16384 for proc 648
[Fri Mar  9 12:43:36 2018] cmem_free: released 16384 bytes, total allocated size = 6979584 max_allocate = 536870912
[Fri Mar  9 12:43:36 2018] cmem_free: virt=0xffff800009697000 bus=0xcc1bc000 size=0x4000
[Fri Mar  9 12:43:36 2018] FreeMemory - freeing chunk addr ffff80000d37a000 of size 2228224 for proc 648
[Fri Mar  9 12:43:36 2018] cmem_free: released 2228224 bytes, total allocated size = 2523136 max_allocate = 536870912
[Fri Mar  9 12:43:36 2018] cmem_free: virt=0xffff80000d37a000 bus=0xcf000000 size=0x220000
[Fri Mar  9 12:43:36 2018] FreeMemory - freeing chunk addr ffff80000d6ac000 of size 1114112 for proc 648
[Fri Mar  9 12:43:36 2018] cmem_free: released 1114112 bytes, total allocated size = 294912 max_allocate = 536870912
[Fri Mar  9 12:43:36 2018] cmem_free: virt=0xffff80000d6ac000 bus=0xcf700000 size=0x110000
[Fri Mar  9 12:43:36 2018] FreeMemory - freeing chunk addr ffff800009a8d000 of size 32768 for proc 648
[Fri Mar  9 12:43:36 2018] cmem_free: released 32768 bytes, total allocated size = 229376 max_allocate = 536870912
[Fri Mar  9 12:43:36 2018] cmem_free: virt=0xffff800009a8d000 bus=0xcc1b0000 size=0x8000
[Fri Mar  9 12:43:36 2018] FreeMemory - freeing chunk addr ffff8000096b7000 of size 16384 for proc 648
[Fri Mar  9 12:43:36 2018] cmem_free: released 16384 bytes, total allocated size = 196608 max_allocate = 536870912
[Fri Mar  9 12:43:36 2018] cmem_free: virt=0xffff8000096b7000 bus=0xcc1c0000 size=0x4000
[Fri Mar  9 12:43:36 2018] FreeMemory - freeing chunk addr ffff80000ca05000 of size 49152 for proc 648
[Fri Mar  9 12:43:36 2018] cmem_free: released 49152 bytes, total allocated size = 98304 max_allocate = 536870912
[Fri Mar  9 12:43:36 2018] cmem_free: virt=0xffff80000ca05000 bus=0xcc190000 size=0xc000
[Fri Mar  9 12:43:36 2018] FreeMemory - freeing chunk addr ffff80000960f000 of size 16384 for proc 648
[Fri Mar  9 12:43:36 2018] cmem_free: released 16384 bytes, total allocated size = 65536 max_allocate = 536870912
[Fri Mar  9 12:43:36 2018] cmem_free: virt=0xffff80000960f000 bus=0xcc188000 size=0x4000
[Fri Mar  9 12:43:36 2018] FreeMemory - freeing chunk addr ffff800009617000 of size 16384 for proc 648
[Fri Mar  9 12:43:36 2018] cmem_free: released 16384 bytes, total allocated size = 32768 max_allocate = 536870912
[Fri Mar  9 12:43:36 2018] cmem_free: virt=0xffff800009617000 bus=0xcc18c000 size=0x4000
[Fri Mar  9 12:43:36 2018] FreeMemory - freeing chunk addr ffff80000961f000 of size 16384 for proc 648
[Fri Mar  9 12:43:36 2018] cmem_free: released 16384 bytes, total allocated size = 0 max_allocate = 536870912
[Fri Mar  9 12:43:36 2018] cmem_free: virt=0xffff80000961f000 bus=0xcc19c000 size=0x4000
[Fri Mar  9 12:43:40 2018] cmem_alloc: Allocated size 2228224, total allocated size = 2228224 max_allocate = 536870912
[Fri Mar  9 12:43:40 2018] cmem_alloc: virt=0xffff80000cf38000 bus=0xcea00000 size=0x220000
[Fri Mar  9 12:43:40 2018] AllocMemory - after allocating 2219520 bytes (effective 2228224) , total allocation is 4456448
[Fri Mar  9 12:43:40 2018] cmem_alloc: Allocated size 2228224, total allocated size = 6684672 max_allocate = 536870912
[Fri Mar  9 12:43:40 2018] cmem_alloc: virt=0xffff80000d159000 bus=0xced00000 size=0x220000
[Fri Mar  9 12:43:40 2018] AllocMemory - after allocating 2219520 bytes (effective 2228224) , total allocation is 8912896
[Fri Mar  9 12:43:40 2018] cmem_alloc: Allocated size 2228224, total allocated size = 11141120 max_allocate = 536870912
[Fri Mar  9 12:43:40 2018] cmem_alloc: virt=0xffff80000d37a000 bus=0xcf000000 size=0x220000
[Fri Mar  9 12:43:40 2018] AllocMemory - after allocating 2219520 bytes (effective 2228224) , total allocation is 13369344
[Fri Mar  9 12:43:40 2018] cmem_alloc: Allocated size 1114112, total allocated size = 14483456 max_allocate = 536870912
[Fri Mar  9 12:43:40 2018] cmem_alloc: virt=0xffff80000cb05000 bus=0xcf300000 size=0x110000
[Fri Mar  9 12:43:40 2018] AllocMemory - after allocating 1109760 bytes (effective 1114112) , total allocation is 15597568
[Fri Mar  9 12:43:40 2018] cmem_alloc: Allocated size 1114112, total allocated size = 16711680 max_allocate = 536870912
[Fri Mar  9 12:43:40 2018] cmem_alloc: virt=0xffff80000d59b000 bus=0xcf500000 size=0x110000
[Fri Mar  9 12:43:40 2018] AllocMemory - after allocating 1109760 bytes (effective 1114112) , total allocation is 17825792
[Fri Mar  9 12:43:40 2018] cmem_alloc: Allocated size 1114112, total allocated size = 18939904 max_allocate = 536870912
[Fri Mar  9 12:43:40 2018] cmem_alloc: virt=0xffff80000d6ac000 bus=0xcf700000 size=0x110000
[Fri Mar  9 12:43:40 2018] AllocMemory - after allocating 1109760 bytes (effective 1114112) , total allocation is 20054016
[Fri Mar  9 12:43:40 2018] cmem_alloc: Allocated size 16384, total allocated size = 20070400 max_allocate = 536870912
[Fri Mar  9 12:43:40 2018] cmem_alloc: virt=0xffff80000960f000 bus=0xcc188000 size=0x4000
[Fri Mar  9 12:43:40 2018] AllocMemory - after allocating 72 bytes (effective 16384) , total allocation is 20086784
[Fri Mar  9 12:43:40 2018] cmem_alloc: Allocated size 49152, total allocated size = 20135936 max_allocate = 536870912
[Fri Mar  9 12:43:40 2018] cmem_alloc: virt=0xffff80000c9ed000 bus=0xcc190000 size=0xc000
[Fri Mar  9 12:43:40 2018] AllocMemory - after allocating 36864 bytes (effective 49152) , total allocation is 20185088
[Fri Mar  9 12:43:40 2018] cmem_alloc: Allocated size 16384, total allocated size = 20201472 max_allocate = 536870912
[Fri Mar  9 12:43:40 2018] cmem_alloc: virt=0xffff800009617000 bus=0xcc18c000 size=0x4000
